  lithuanian_novels      L= 300  pseudo n= 96  main-grid n=1332  uncal Cllr 1.549 (min 0.922)  ->  bank-cal Cllr 1.049  (10s)
  lithuanian_novels      L= 150  pseudo n= 96  main-grid n=1332  uncal Cllr 1.407 (min 0.961)  ->  bank-cal Cllr 1.191  (7s)
  polish_novels          L= 300  pseudo n=136  main-grid n=2000  uncal Cllr 3.115 (min 0.987)  ->  bank-cal Cllr 1.324  (18s)
  polish_novels          L= 150  pseudo n=136  main-grid n=2000  uncal Cllr 2.416 (min 0.990)  ->  bank-cal Cllr 1.258  (16s)
  german_novels          L= 300  pseudo n=224  main-grid n=2000  uncal Cllr 2.924 (min 0.969)  ->  bank-cal Cllr 1.281  (41s)
  german_novels          L= 150  pseudo n=224  main-grid n=2000  uncal Cllr 2.699 (min 0.982)  ->  bank-cal Cllr 1.300  (37s)
  english_novels         L= 300  pseudo n=344  main-grid n=2000  uncal Cllr 2.628 (min 0.962)  ->  bank-cal Cllr 1.565  (70s)
  english_novels         L= 150  pseudo n=344  main-grid n=2000  uncal Cllr 2.502 (min 0.982)  ->  bank-cal Cllr 1.467  (68s)
  lithuanian_novels      L=1200  pseudo n=  96  uncal Cllr 1.336 (min 0.601)  ->  bank-cal Cllr 0.970  (25s)
  lithuanian_novels      L= 600  pseudo n=  96  uncal Cllr 1.225 (min 0.771)  ->  bank-cal Cllr 0.857  (14s)
  lithuanian_novels      L= 300  pseudo n=  96  uncal Cllr 1.549 (min 0.922)  ->  bank-cal Cllr 1.049  (10s)
  lithuanian_novels      L= 150  pseudo n=  96  uncal Cllr 1.407 (min 0.961)  ->  bank-cal Cllr 1.206  (7s)
  polish_novels          L=1200  pseudo n= 136  uncal Cllr 2.673 (min 0.828)  ->  bank-cal Cllr 1.139  (38s)
  polish_novels          L= 600  pseudo n= 136  uncal Cllr 3.534 (min 0.944)  ->  bank-cal Cllr 1.500  (26s)
  polish_novels          L= 300  pseudo n= 136  uncal Cllr 3.115 (min 0.987)  ->  bank-cal Cllr 1.347  (19s)
  polish_novels          L= 150  pseudo n= 136  uncal Cllr 2.416 (min 0.990)  ->  bank-cal Cllr 1.226  (17s)
  german_novels          L=1200  pseudo n= 224  uncal Cllr 1.745 (min 0.798)  ->  bank-cal Cllr 1.057  (73s)
  german_novels          L= 600  pseudo n= 224  uncal Cllr 2.425 (min 0.928)  ->  bank-cal Cllr 1.090  (50s)
  german_novels          L= 300  pseudo n= 224  uncal Cllr 2.924 (min 0.969)  ->  bank-cal Cllr 1.270  (41s)
  german_novels          L= 150  pseudo n= 224  uncal Cllr 2.699 (min 0.982)  ->  bank-cal Cllr 1.336  (36s)
  english_novels         L=1200  pseudo n= 344  uncal Cllr 1.796 (min 0.775)  ->  bank-cal Cllr 0.857  (112s)
  english_novels         L= 600  pseudo n= 344  uncal Cllr 2.219 (min 0.892)  ->  bank-cal Cllr 1.179  (80s)
  english_novels         L= 300  pseudo n= 344  uncal Cllr 2.628 (min 0.962)  ->  bank-cal Cllr 1.606  (68s)
  english_novels         L= 150  pseudo n= 344  uncal Cllr 2.502 (min 0.982)  ->  bank-cal Cllr 1.515  (59s)
  ukrainian_novels       L=1200  pseudo n= 128  uncal Cllr 0.734 (min 0.483)  ->  bank-cal Cllr 0.574  (27s)
  ukrainian_novels       L= 600  pseudo n= 128  uncal Cllr 0.940 (min 0.674)  ->  bank-cal Cllr 0.698  (15s)
  ukrainian_novels       L= 300  pseudo n= 128  uncal Cllr 1.230 (min 0.826)  ->  bank-cal Cllr 0.848  (11s)
  ukrainian_novels       L= 150  pseudo n= 128  uncal Cllr 1.432 (min 0.910)  ->  bank-cal Cllr 0.956  (8s)
  english_dracor         L=1200  pseudo n= 480  uncal Cllr 0.798 (min 0.623)  ->  bank-cal Cllr 0.740  (128s)
  english_dracor         L= 600  pseudo n= 480  uncal Cllr 1.262 (min 0.803)  ->  bank-cal Cllr 0.972  (83s)
  english_dracor         L= 300  pseudo n= 480  uncal Cllr 1.903 (min 0.911)  ->  bank-cal Cllr 1.105  (66s)
  english_dracor         L= 150  pseudo n= 480  uncal Cllr 2.270 (min 0.970)  ->  bank-cal Cllr 1.148  (56s)
  german_dracor          L=1200  pseudo n= 480  uncal Cllr 0.873 (min 0.578)  ->  bank-cal Cllr 0.664  (125s)
  german_dracor          L= 600  pseudo n= 480  uncal Cllr 0.946 (min 0.693)  ->  bank-cal Cllr 0.798  (86s)
  german_dracor          L= 300  pseudo n= 480  uncal Cllr 1.241 (min 0.859)  ->  bank-cal Cllr 0.968  (56s)
  german_dracor          L= 150  pseudo n= 480  uncal Cllr 1.401 (min 0.938)  ->  bank-cal Cllr 1.004  (52s)
  english_poetree        L=1200  pseudo n= 480  uncal Cllr 1.147 (min 0.698)  ->  bank-cal Cllr 1.070  (134s)
  english_poetree        L= 600  pseudo n= 480  uncal Cllr 1.578 (min 0.863)  ->  bank-cal Cllr 1.160  (85s)
  english_poetree        L= 300  pseudo n= 480  uncal Cllr 2.227 (min 0.933)  ->  bank-cal Cllr 1.713  (63s)
  english_poetree        L= 150  pseudo n= 480  uncal Cllr 2.660 (min 0.974)  ->  bank-cal Cllr 2.016  (51s)
  german_poetree         L=1200  pseudo n= 480  uncal Cllr 0.987 (min 0.557)  ->  bank-cal Cllr 0.979  (144s)
  german_poetree         L= 600  pseudo n= 480  uncal Cllr 1.109 (min 0.747)  ->  bank-cal Cllr 1.007  (95s)
  german_poetree         L= 300  pseudo n= 480  uncal Cllr 1.699 (min 0.866)  ->  bank-cal Cllr 1.331  (76s)
  german_poetree         L= 150  pseudo n= 480  uncal Cllr 2.205 (min 0.944)  ->  bank-cal Cllr 1.560  (62s)
