  czech_poetree            bankmain  pseudo n= 240  uncal Cllr 0.572 (min 0.418)  ->  bank-cal Cllr 0.771  (107s)
  english_poetree          bankmain  pseudo n= 240  uncal Cllr 1.989 (min 0.413)  ->  bank-cal Cllr 1.756  (114s)
  french_poetree           bankmain  pseudo n= 240  uncal Cllr 1.942 (min 0.463)  ->  bank-cal Cllr 1.651  (123s)
  german_poetree           bankmain  pseudo n= 240  uncal Cllr 1.860 (min 0.206)  ->  bank-cal Cllr 4.599  (126s)
  hungarian_poetree        bankmain  pseudo n=  88  uncal Cllr 0.640 (min 0.464)  ->  bank-cal Cllr 0.856  (32s)
  italian_poetree          bankmain  pseudo n= 240  uncal Cllr 1.539 (min 0.326)  ->  bank-cal Cllr 1.199  (127s)
  norwegian_poetree        bankmain  pseudo n=  76  uncal Cllr 1.538 (min 0.245)  ->  bank-cal Cllr 1.132  (32s)
  portuguese_poetree       bankmain  pseudo n=  48  uncal Cllr 2.022 (min 0.188)  ->  bank-cal Cllr 108.901  (20s)
  russian_poetree          bankmain  pseudo n= 240  uncal Cllr 2.697 (min 0.558)  ->  bank-cal Cllr 3.069  (124s)
  slovenian_poetree        bankmain  pseudo n=  72  uncal Cllr 2.555 (min 0.434)  ->  bank-cal Cllr 6.674  (31s)
  czech_novels             bankmain  pseudo n= 156  uncal Cllr 0.592 (min 0.310)  ->  bank-cal Cllr 0.675  (61s)
  english_novels           bankmain  pseudo n= 172  uncal Cllr 1.282 (min 0.452)  ->  bank-cal Cllr 0.966  (86s)
  french_novels            bankmain  pseudo n= 240  uncal Cllr 1.106 (min 0.556)  ->  bank-cal Cllr 0.891  (151s)
  german_novels            bankmain  pseudo n= 112  uncal Cllr 1.325 (min 0.512)  ->  bank-cal Cllr 2.362  (56s)
  hungarian_novels         bankmain  pseudo n= 160  uncal Cllr 0.257 (min 0.235)  ->  bank-cal Cllr 1.932  (64s)
  italian_novels           bankmain  pseudo n=  76  uncal Cllr 0.976 (min 0.522)  ->  bank-cal Cllr 1.073  (32s)
  latvian_novels           bankmain  pseudo n=  40  uncal Cllr 1.797 (min 0.517)  ->  bank-cal Cllr 0.982  (14s)
  lithuanian_novels        bankmain  pseudo n=  48  uncal Cllr 1.388 (min 0.351)  ->  bank-cal Cllr 4.427  (20s)
  norwegian_novels         bankmain  pseudo n=  72  uncal Cllr 0.677 (min 0.355)  ->  bank-cal Cllr 1.622  (26s)
  polish_novels            bankmain  pseudo n=  68  uncal Cllr 1.568 (min 0.674)  ->  bank-cal Cllr 4.248  (31s)
  portuguese_novels        bankmain  pseudo n= 184  uncal Cllr 0.522 (min 0.421)  ->  bank-cal Cllr 1.225  (63s)
  romanian_novels          bankmain  pseudo n= 136  uncal Cllr 0.482 (min 0.296)  ->  bank-cal Cllr 0.509  (50s)
  serbian_novels           bankmain  pseudo n= 144  uncal Cllr 0.796 (min 0.583)  ->  bank-cal Cllr 1.341  (41s)
  slovenian_novels         bankmain  pseudo n=  96  uncal Cllr 1.238 (min 0.517)  ->  bank-cal Cllr 123.038  (36s)
  spanish_novels           bankmain  pseudo n= 124  uncal Cllr 0.622 (min 0.432)  ->  bank-cal Cllr 0.583  (52s)
  swedish_novels           bankmain  pseudo n=  64  uncal Cllr 0.680 (min 0.421)  ->  bank-cal Cllr 0.600  (23s)
  swissgerman_novels       bankmain  pseudo n= 104  uncal Cllr 1.087 (min 0.450)  ->  bank-cal Cllr 0.969  (51s)
  ukrainian_novels         bankmain  pseudo n=  64  uncal Cllr 0.635 (min 0.327)  ->  bank-cal Cllr 82.509  (25s)
  american_dracor          bankmain  pseudo n=  48  uncal Cllr 0.890 (min 0.337)  ->  bank-cal Cllr 0.992  (19s)
  dutch_dracor             bankmain  pseudo n= 104  uncal Cllr 1.645 (min 0.494)  ->  bank-cal Cllr 0.946  (41s)
  english_dracor           bankmain  pseudo n= 240  uncal Cllr 0.913 (min 0.437)  ->  bank-cal Cllr 0.702  (103s)
  french_dracor            bankmain  pseudo n= 240  uncal Cllr 0.884 (min 0.466)  ->  bank-cal Cllr 0.618  (103s)
  german_dracor            bankmain  pseudo n= 240  uncal Cllr 0.695 (min 0.438)  ->  bank-cal Cllr 0.562  (112s)
  hungarian_dracor         bankmain  pseudo n=  60  uncal Cllr 0.891 (min 0.456)  ->  bank-cal Cllr 5.439  (23s)
  italian_dracor           bankmain  pseudo n= 116  uncal Cllr 2.342 (min 0.541)  ->  bank-cal Cllr 4.283  (46s)
  polish_dracor            bankmain  pseudo n=  56  uncal Cllr 0.545 (min 0.399)  ->  bank-cal Cllr 2.070  (23s)
  romanian_dracor          bankmain  pseudo n=  44  uncal Cllr 4.964 (min 0.673)  ->  bank-cal Cllr 43.861  (17s)
  russian_dracor           bankmain  pseudo n= 112  uncal Cllr 1.018 (min 0.574)  ->  bank-cal Cllr 0.887  (47s)
