  american_dracor          kn          sent L=full  AUC 0.957  Cllr   28.773  sqrt 0.890  hapax 1.556  (157s)
  american_dracor          kn          sent L=1200  AUC 0.907  Cllr   21.474  sqrt 0.760  hapax 1.240  (44s)
  american_dracor          kn          sent L= 600  AUC 0.884  Cllr   11.716  sqrt 0.689  hapax 1.142  (25s)
  american_dracor          kn          sent L= 300  AUC 0.778  Cllr   13.476  sqrt 1.086  hapax 2.072  (17s)
  american_dracor          kn          sent L= 150  AUC 0.718  Cllr   13.949  sqrt 1.449  hapax 3.157  (12s)
  dutch_dracor             kn          sent L=full  AUC 0.918  Cllr   54.838  sqrt 1.645  hapax 2.259  (415s)
  dutch_dracor             kn          sent L=1200  AUC 0.906  Cllr   39.861  sqrt 1.267  hapax 1.706  (146s)
  dutch_dracor             kn          sent L= 600  AUC 0.822  Cllr   18.178  sqrt 0.974  hapax 1.377  (97s)
  dutch_dracor             kn          sent L= 300  AUC 0.652  Cllr   22.445  sqrt 1.547  hapax 2.614  (71s)
  dutch_dracor             kn          sent L= 150  AUC 0.561  Cllr   21.800  sqrt 2.050  hapax 4.009  (53s)
  english_dracor           kn          sent L=full  AUC 0.937  Cllr   26.608  sqrt 0.913  hapax 1.316  (710s)
  english_dracor           kn          sent L=1200  AUC 0.875  Cllr   20.717  sqrt 0.798  hapax 1.097  (240s)
  english_dracor           kn          sent L= 600  AUC 0.769  Cllr   24.431  sqrt 1.262  hapax 2.139  (151s)
  english_dracor           kn          sent L= 300  AUC 0.670  Cllr   28.945  sqrt 1.903  hapax 3.935  (102s)
  english_dracor           kn          sent L= 150  AUC 0.579  Cllr   24.705  sqrt 2.270  hapax 5.006  (81s)
  english_novels           kn          sent L=full  AUC 0.927  Cllr   41.619  sqrt 1.282  hapax 2.557  (748s)
  english_novels           kn          sent L=1200  AUC 0.783  Cllr   57.418  sqrt 1.796  hapax 3.565  (244s)
  english_novels           kn          sent L= 600  AUC 0.690  Cllr   50.253  sqrt 2.219  hapax 5.046  (141s)
  english_novels           kn          sent L= 300  AUC 0.597  Cllr   42.463  sqrt 2.628  hapax 6.548  (107s)
  english_novels           kn          sent L= 150  AUC 0.554  Cllr   27.892  sqrt 2.502  hapax 6.307  (76s)
  english_poetree          kn          sent L=full  AUC 0.941  Cllr   65.819  sqrt 1.990  hapax 3.310  (541s)
  english_poetree          kn          sent L=1200  AUC 0.835  Cllr   33.401  sqrt 1.147  hapax 1.816  (209s)
  english_poetree          kn          sent L= 600  AUC 0.724  Cllr   33.121  sqrt 1.578  hapax 2.978  (137s)
  english_poetree          kn          sent L= 300  AUC 0.634  Cllr   34.885  sqrt 2.227  hapax 4.803  (117s)
  english_poetree          kn          sent L= 150  AUC 0.566  Cllr   30.249  sqrt 2.659  hapax 5.933  (83s)
  french_dracor            kn          sent L=full  AUC 0.929  Cllr   26.003  sqrt 0.884  hapax 1.630  (966s)
  french_dracor            kn          sent L=1200  AUC 0.843  Cllr   28.973  sqrt 1.034  hapax 1.901  (286s)
  french_dracor            kn          sent L= 600  AUC 0.751  Cllr   23.673  sqrt 1.226  hapax 2.507  (168s)
  french_dracor            kn          sent L= 300  AUC 0.658  Cllr   22.960  sqrt 1.603  hapax 3.731  (111s)
  french_dracor            kn          sent L= 150  AUC 0.573  Cllr   22.850  sqrt 2.131  hapax 5.509  (83s)
  french_novels            kn          sent L=full  AUC 0.898  Cllr   35.233  sqrt 1.106  hapax 2.235  (1029s)
  french_novels            kn          sent L=1200  AUC 0.797  Cllr   50.168  sqrt 1.611  hapax 3.286  (317s)
  french_novels            kn          sent L= 600  AUC 0.724  Cllr   31.729  sqrt 1.526  hapax 3.200  (189s)
  french_novels            kn          sent L= 300  AUC 0.638  Cllr   22.463  sqrt 1.588  hapax 3.424  (118s)
  french_novels            kn          sent L= 150  AUC 0.591  Cllr   17.437  sqrt 1.759  hapax 4.115  (98s)
  french_poetree           kn          sent L=full  AUC 0.929  Cllr   65.457  sqrt 1.942  hapax 3.357  (684s)
  french_poetree           kn          sent L=1200  AUC 0.858  Cllr   41.580  sqrt 1.337  hapax 2.202  (255s)
  french_poetree           kn          sent L= 600  AUC 0.776  Cllr   24.407  sqrt 1.218  hapax 2.135  (152s)
  french_poetree           kn          sent L= 300  AUC 0.685  Cllr   21.211  sqrt 1.495  hapax 2.952  (96s)
  french_poetree           kn          sent L= 150  AUC 0.579  Cllr   25.525  sqrt 2.292  hapax 5.217  (79s)
  german_dracor            kn          sent L=full  AUC 0.933  Cllr   20.839  sqrt 0.695  hapax 1.332  (1106s)
  german_dracor            kn          sent L=1200  AUC 0.890  Cllr   24.924  sqrt 0.873  hapax 1.632  (364s)
  german_dracor            kn          sent L= 600  AUC 0.837  Cllr   17.485  sqrt 0.946  hapax 1.853  (199s)
  german_dracor            kn          sent L= 300  AUC 0.728  Cllr   16.235  sqrt 1.242  hapax 2.624  (134s)
  german_dracor            kn          sent L= 150  AUC 0.647  Cllr   12.746  sqrt 1.401  hapax 3.074  (101s)
  german_dracor            kn          sent L= 300  AUC 0.728  Cllr   16.235  sqrt 1.242  hapax 2.624  (134s)
  german_dracor            kn          sent L= 150  AUC 0.647  Cllr   12.746  sqrt 1.401  hapax 3.074  (101s)
  german_novels            kn          sent L=1200  AUC 0.754  Cllr   53.597  sqrt 1.745  hapax 3.956  (283s)
  german_novels            kn          sent L= 600  AUC 0.646  Cllr   54.821  sqrt 2.425  hapax 6.191  (182s)
  german_novels            kn          sent L= 150  AUC 0.553  Cllr   30.891  sqrt 2.699  hapax 7.451  (88s)
  german_poetree           kn          sent L=full  AUC 0.985  Cllr   62.194  sqrt 1.860  hapax 3.539  (658s)
  german_poetree           kn          sent L=1200  AUC 0.900  Cllr   28.924  sqrt 0.987  hapax 1.705  (281s)
  german_poetree           kn          sent L= 600  AUC 0.808  Cllr   21.578  sqrt 1.109  hapax 2.065  (161s)
  german_poetree           kn          sent L= 300  AUC 0.725  Cllr   25.328  sqrt 1.700  hapax 3.712  (104s)
  german_poetree           kn          sent L= 150  AUC 0.637  Cllr   24.539  sqrt 2.205  hapax 5.152  (86s)
  italian_dracor           kn          sent L=full  AUC 0.817  Cllr   80.432  sqrt 2.342  hapax 5.414  (844s)
  italian_dracor           kn          sent L=1200  AUC 0.796  Cllr   57.906  sqrt 1.795  hapax 4.098  (254s)
  italian_dracor           kn          sent L= 600  AUC 0.748  Cllr   55.233  sqrt 2.369  hapax 5.972  (153s)
  italian_dracor           kn          sent L= 300  AUC 0.727  Cllr   44.865  sqrt 2.716  hapax 7.263  (106s)
  italian_dracor           kn          sent L= 150  AUC 0.704  Cllr   28.863  sqrt 2.518  hapax 6.616  (96s)
  italian_novels           kn          sent L=full  AUC 0.895  Cllr   28.966  sqrt 0.976  hapax 2.260  (848s)
  italian_novels           kn          sent L=1200  AUC 0.791  Cllr   46.533  sqrt 1.523  hapax 3.736  (261s)
  italian_novels           kn          sent L= 600  AUC 0.723  Cllr   41.860  sqrt 1.927  hapax 5.236  (173s)
  italian_novels           kn          sent L= 300  AUC 0.617  Cllr   43.397  sqrt 2.695  hapax 7.728  (115s)
  italian_novels           kn          sent L= 150  AUC 0.580  Cllr   31.093  sqrt 2.710  hapax 7.663  (88s)
  italian_poetree          kn          sent L=full  AUC 0.960  Cllr   50.839  sqrt 1.540  hapax 3.062  (556s)
  italian_poetree          kn          sent L=1200  AUC 0.909  Cllr   19.510  sqrt 0.714  hapax 1.274  (219s)
  italian_poetree          kn          sent L= 600  AUC 0.814  Cllr   29.257  sqrt 1.373  hapax 3.012  (156s)
  italian_poetree          kn          sent L= 300  AUC 0.711  Cllr   40.469  sqrt 2.453  hapax 6.048  (104s)
  italian_poetree          kn          sent L= 150  AUC 0.617  Cllr   35.708  sqrt 3.024  hapax 7.677  (80s)
  lithuanian_novels        kn          sent L=full  AUC 0.940  Cllr   46.010  sqrt 1.388  hapax 2.917  (917s)
  lithuanian_novels        kn          sent L=1200  AUC 0.877  Cllr   41.813  sqrt 1.335  hapax 2.759  (248s)
  lithuanian_novels        kn          sent L= 600  AUC 0.779  Cllr   24.823  sqrt 1.225  hapax 2.462  (137s)
  lithuanian_novels        kn          sent L= 300  AUC 0.651  Cllr   22.147  sqrt 1.549  hapax 3.082  (92s)
  lithuanian_novels        kn          sent L= 150  AUC 0.574  Cllr   12.784  sqrt 1.407  hapax 2.551  (63s)
  norwegian_novels         kn          sent L=full  AUC 0.958  Cllr   20.399  sqrt 0.677  hapax 0.710  (806s)
  norwegian_novels         kn          sent L=1200  AUC 0.917  Cllr   23.696  sqrt 0.820  hapax 0.898  (266s)
  norwegian_novels         kn          sent L= 600  AUC 0.824  Cllr   22.031  sqrt 1.090  hapax 1.306  (160s)
  norwegian_novels         kn          sent L= 300  AUC 0.735  Cllr   15.757  sqrt 1.181  hapax 1.535  (110s)
  norwegian_novels         kn          sent L= 150  AUC 0.658  Cllr   11.451  sqrt 1.292  hapax 1.800  (84s)
  norwegian_poetree        kn          sent L=full  AUC 0.971  Cllr   49.930  sqrt 1.538  hapax 1.486  (94s)
  norwegian_poetree        kn          sent L=1200  AUC 0.954  Cllr   27.415  sqrt 0.893  hapax 0.862  (35s)
  norwegian_poetree        kn          sent L= 600  AUC 0.923  Cllr   12.925  sqrt 0.669  hapax 0.704  (21s)
  norwegian_poetree        kn          sent L= 300  AUC 0.861  Cllr    9.973  sqrt 0.798  hapax 0.952  (14s)
  norwegian_poetree        kn          sent L= 150  AUC 0.789  Cllr   12.924  sqrt 1.310  hapax 1.866  (12s)
  polish_dracor            kn          sent L=full  AUC 0.939  Cllr   15.255  sqrt 0.545  hapax 1.161  (213s)
  polish_dracor            kn          sent L=1200  AUC 0.854  Cllr   31.423  sqrt 1.113  hapax 2.537  (61s)
  polish_dracor            kn          sent L= 600  AUC 0.747  Cllr   39.777  sqrt 1.880  hapax 4.554  (36s)
  polish_dracor            kn          sent L= 300  AUC 0.673  Cllr   40.008  sqrt 2.587  hapax 6.358  (24s)
  polish_dracor            kn          sent L= 150  AUC 0.636  Cllr   34.718  sqrt 3.135  hapax 7.413  (18s)
  polish_novels            kn          sent L=full  AUC 0.829  Cllr   49.593  sqrt 1.568  hapax 3.879  (984s)
  polish_novels            kn          sent L=1200  AUC 0.707  Cllr   87.486  sqrt 2.673  hapax 6.993  (291s)
  polish_novels            kn          sent L= 600  AUC 0.592  Cllr   82.978  sqrt 3.534  hapax 9.369  (168s)
  polish_novels            kn          sent L= 300  AUC 0.535  Cllr   50.626  sqrt 3.115  hapax 7.887  (115s)
  polish_novels            kn          sent L= 150  AUC 0.519  Cllr   26.367  sqrt 2.416  hapax 5.628  (89s)
  portuguese_novels        kn          sent L=full  AUC 0.934  Cllr   11.604  sqrt 0.522  hapax 0.845  (1039s)
  portuguese_novels        kn          sent L=1200  AUC 0.777  Cllr   40.693  sqrt 1.402  hapax 2.877  (310s)
  portuguese_novels        kn          sent L= 600  AUC 0.678  Cllr   40.512  sqrt 1.896  hapax 4.111  (173s)
  portuguese_novels        kn          sent L= 300  AUC 0.576  Cllr   31.091  sqrt 2.065  hapax 4.436  (116s)
  portuguese_novels        kn          sent L= 150  AUC 0.541  Cllr   17.564  sqrt 1.758  hapax 3.541  (88s)
  portuguese_poetree       kn          sent L=full  AUC 0.986  Cllr   67.495  sqrt 2.022  hapax 4.025  (277s)
  portuguese_poetree       kn          sent L=1200  AUC 0.907  Cllr   23.019  sqrt 0.841  hapax 1.391  (112s)
  portuguese_poetree       kn          sent L= 600  AUC 0.801  Cllr   18.082  sqrt 1.000  hapax 1.739  (71s)
  portuguese_poetree       kn          sent L= 300  AUC 0.698  Cllr   22.566  sqrt 1.548  hapax 3.094  (52s)
  portuguese_poetree       kn          sent L= 150  AUC 0.569  Cllr   27.052  sqrt 2.401  hapax 5.104  (40s)
  romanian_dracor          kn          sent L=full  AUC 0.771  Cllr  182.492  sqrt 4.964  hapax 10.669  (696s)
  romanian_dracor          kn          sent L=1200  AUC 0.774  Cllr  115.381  sqrt 3.439  hapax 7.429  (184s)
  romanian_dracor          kn          sent L= 600  AUC 0.758  Cllr   54.287  sqrt 2.375  hapax 5.561  (107s)
  romanian_dracor          kn          sent L= 300  AUC 0.717  Cllr   26.639  sqrt 1.755  hapax 4.090  (67s)
  romanian_dracor          kn          sent L= 150  AUC 0.670  Cllr   18.696  sqrt 1.781  hapax 4.207  (45s)
  romanian_novels          kn          sent L=full  AUC 0.966  Cllr   14.669  sqrt 0.482  hapax 0.909  (1523s)
  romanian_novels          kn          sent L=1200  AUC 0.914  Cllr   24.059  sqrt 0.815  hapax 1.653  (392s)
  romanian_novels          kn          sent L= 600  AUC 0.839  Cllr   20.024  sqrt 1.021  hapax 2.144  (218s)
  romanian_novels          kn          sent L= 300  AUC 0.748  Cllr   15.054  sqrt 1.165  hapax 2.386  (157s)
  romanian_novels          kn          sent L= 150  AUC 0.649  Cllr   13.432  sqrt 1.415  hapax 3.006  (110s)
  russian_dracor           kn          sent L=full  AUC 0.895  Cllr   32.742  sqrt 1.018  hapax 2.219  (1641s)
  russian_dracor           kn          sent L=1200  AUC 0.838  Cllr   37.033  sqrt 1.230  hapax 2.664  (386s)
  russian_dracor           kn          sent L= 600  AUC 0.773  Cllr   22.874  sqrt 1.195  hapax 2.503  (224s)
  russian_dracor           kn          sent L= 300  AUC 0.646  Cllr   18.866  sqrt 1.418  hapax 2.964  (158s)
  russian_dracor           kn          sent L= 150  AUC 0.635  Cllr   11.572  sqrt 1.333  hapax 2.561  (110s)
  russian_poetree          kn          sent L=full  AUC 0.899  Cllr   92.939  sqrt 2.697  hapax 5.142  (732s)
  russian_poetree          kn          sent L=1200  AUC 0.785  Cllr   45.739  sqrt 1.491  hapax 2.624  (264s)
  russian_poetree          kn          sent L= 600  AUC 0.707  Cllr   24.479  sqrt 1.274  hapax 2.206  (168s)
  russian_poetree          kn          sent L= 300  AUC 0.624  Cllr   21.113  sqrt 1.519  hapax 2.775  (111s)
  russian_poetree          kn          sent L= 150  AUC 0.558  Cllr   19.373  sqrt 1.869  hapax 3.419  (90s)
  slovenian_novels         kn          sent L=full  AUC 0.886  Cllr   39.956  sqrt 1.238  hapax 2.797  (1243s)
  slovenian_novels         kn          sent L=1200  AUC 0.806  Cllr   52.094  sqrt 1.658  hapax 3.832  (365s)
  slovenian_novels         kn          sent L= 600  AUC 0.745  Cllr   31.201  sqrt 1.490  hapax 3.425  (205s)
  slovenian_novels         kn          sent L= 300  AUC 0.652  Cllr   21.871  sqrt 1.547  hapax 3.462  (129s)
  slovenian_novels         kn          sent L= 150  AUC 0.592  Cllr   14.967  sqrt 1.549  hapax 3.329  (95s)
  slovenian_poetree        kn          sent L=full  AUC 0.897  Cllr   86.230  sqrt 2.555  hapax 4.869  (152s)
  slovenian_poetree        kn          sent L=1200  AUC 0.844  Cllr   42.995  sqrt 1.410  hapax 2.531  (58s)
  slovenian_poetree        kn          sent L= 600  AUC 0.804  Cllr   17.593  sqrt 0.968  hapax 1.636  (33s)
  slovenian_poetree        kn          sent L= 300  AUC 0.747  Cllr   15.565  sqrt 1.175  hapax 2.214  (23s)
  slovenian_poetree        kn          sent L= 150  AUC 0.725  Cllr   12.244  sqrt 1.255  hapax 2.456  (18s)
  spanish_novels           kn          sent L=full  AUC 0.936  Cllr   16.230  sqrt 0.622  hapax 1.202  (797s)
  spanish_novels           kn          sent L=1200  AUC 0.779  Cllr   47.290  sqrt 1.552  hapax 3.448  (267s)
  spanish_novels           kn          sent L= 600  AUC 0.703  Cllr   37.600  sqrt 1.741  hapax 3.920  (162s)
  spanish_novels           kn          sent L= 300  AUC 0.628  Cllr   29.555  sqrt 1.943  hapax 4.366  (115s)
  spanish_novels           kn          sent L= 150  AUC 0.574  Cllr   25.625  sqrt 2.300  hapax 5.207  (97s)
  german_novels            kn          sent L=full  AUC 0.908  Cllr   41.070  sqrt 1.325  hapax 2.924  (827s)
  german_novels            kn          sent L= 300  AUC 0.580  Cllr   48.088  sqrt 2.924  hapax 8.124  (113s)

2 runs -> D:\Moje dokumenty\Code\LambdaG\experiments\results_primary.csv
5  sqrt 1.656  hapax 3.060  (227s)
  swedish_novels           kn          sent L= 300  AUC 0.616  Cllr   25.393  sqrt 1.760  hapax 3.487  (140s)
  swedish_novels           kn          sent L= 150  AUC 0.527  Cllr   21.354  sqrt 2.043  hapax 4.302  (96s)
  swissgerman_novels       kn          sent L=full  AUC 0.930  Cllr   32.716  sqrt 1.087  hapax 2.453  (744s)
  swissgerman_novels       kn          sent L=1200  AUC 0.827  Cllr   29.914  sqrt 1.078  hapax 2.308  (256s)
  swissgerman_novels       kn          sent L= 600  AUC 0.700  Cllr   32.465  sqrt 1.572  hapax 3.821  (160s)
  swissgerman_novels       kn          sent L= 300  AUC 0.617  Cllr   32.310  sqrt 2.081  hapax 5.555  (105s)
  swissgerman_novels       kn          sent L= 150  AUC 0.581  Cllr   21.391  sqrt 1.976  hapax 5.283  (83s)
  ukrainian_novels         kn          sent L=full  AUC 0.956  Cllr   20.652  sqrt 0.635  hapax 1.212  (1118s)
  ukrainian_novels         kn          sent L=1200  AUC 0.924  Cllr   20.840  sqrt 0.734  hapax 1.318  (275s)
  ukrainian_novels         kn          sent L= 600  AUC 0.851  Cllr   18.184  sqrt 0.940  hapax 1.714  (159s)
  ukrainian_novels         kn          sent L= 300  AUC 0.758  Cllr   16.923  sqrt 1.230  hapax 2.421  (99s)
  ukrainian_novels         kn          sent L= 150  AUC 0.659  Cllr   13.616  sqrt 1.432  hapax 2.816  (70s)

excluded (10+ reference authors required): croatian_novels (5), greek_novels (2), russian_novels (8), spanish_poetree (8), swedish_dracor (8), ukrainian_dracor (5)

153 runs -> D:\Moje dokumenty\Code\LambdaG\experiments\results_primary.csv
  czech_novels             kn          sent L=full  AUC 0.954  Cllr   18.555  sqrt 0.592  hapax 1.503  (1611s)
  czech_novels             kn          sent L=1200  AUC 0.872  Cllr   29.176  sqrt 1.000  hapax 2.656  (413s)
  czech_novels             kn          sent L= 600  AUC 0.780  Cllr   22.838  sqrt 1.190  hapax 2.987  (227s)
  czech_novels             kn          sent L= 300  AUC 0.659  Cllr   16.902  sqrt 1.310  hapax 3.064  (140s)
  czech_novels             kn          sent L= 150  AUC 0.599  Cllr   10.556  sqrt 1.270  hapax 2.575  (103s)
  czech_poetree            kn          sent L=full  AUC 0.940  Cllr   14.362  sqrt 0.572  hapax 1.070  (1482s)
  czech_poetree            kn          sent L=1200  AUC 0.869  Cllr   23.736  sqrt 0.897  hapax 1.802  (423s)
  czech_poetree            kn          sent L= 600  AUC 0.808  Cllr   15.293  sqrt 0.919  hapax 1.725  (238s)
  czech_poetree            kn          sent L= 300  AUC 0.707  Cllr   12.161  sqrt 1.076  hapax 1.964  (143s)
  czech_poetree            kn          sent L= 150  AUC 0.639  Cllr    8.093  sqrt 1.106  hapax 1.806  (100s)
  czech_poetree            kn          sent L=full  AUC 0.940  Cllr   14.362  sqrt 0.572  hapax 1.070  (1482s)
  czech_poetree            kn          sent L=1200  AUC 0.869  Cllr   23.736  sqrt 0.897  hapax 1.802  (423s)
  czech_poetree            kn          sent L= 600  AUC 0.808  Cllr   15.293  sqrt 0.919  hapax 1.725  (238s)
  czech_poetree            kn          sent L= 300  AUC 0.707  Cllr   12.161  sqrt 1.076  hapax 1.964  (143s)
  czech_poetree            kn          sent L= 150  AUC 0.639  Cllr    8.093  sqrt 1.106  hapax 1.806  (100s)
  czech_poetree            kn          sent L=full  AUC 0.940  Cllr   14.362  sqrt 0.572  hapax 1.070  (1482s)
  czech_poetree            kn          sent L=1200  AUC 0.869  Cllr   23.736  sqrt 0.897  hapax 1.802  (423s)
  czech_poetree            kn          sent L= 600  AUC 0.808  Cllr   15.293  sqrt 0.919  hapax 1.725  (238s)
  czech_poetree            kn          sent L= 300  AUC 0.707  Cllr   12.161  sqrt 1.076  hapax 1.964  (143s)
  czech_poetree            kn          sent L= 150  AUC 0.639  Cllr    8.093  sqrt 1.106  hapax 1.806  (100s)
  czech_poetree            kn          sent L=full  AUC 0.940  Cllr   14.362  sqrt 0.572  hapax 1.070  (1482s)
  czech_poetree            kn          sent L=1200  AUC 0.869  Cllr   23.736  sqrt 0.897  hapax 1.802  (423s)
  czech_poetree            kn          sent L= 600  AUC 0.808  Cllr   15.293  sqrt 0.919  hapax 1.725  (238s)
  czech_poetree            kn          sent L= 300  AUC 0.707  Cllr   12.161  sqrt 1.076  hapax 1.964  (143s)
  czech_poetree            kn          sent L= 150  AUC 0.639  Cllr    8.093  sqrt 1.106  hapax 1.806  (100s)
  czech_poetree            kn          sent L=full  AUC 0.940  Cllr   14.362  sqrt 0.572  hapax 1.070  (1482s)
  czech_poetree            kn          sent L=1200  AUC 0.869  Cllr   23.736  sqrt 0.897  hapax 1.802  (423s)
  czech_poetree            kn          sent L= 600  AUC 0.808  Cllr   15.293  sqrt 0.919  hapax 1.725  (238s)
  czech_poetree            kn          sent L= 300  AUC 0.707  Cllr   12.161  sqrt 1.076  hapax 1.964  (143s)
  czech_poetree            kn          sent L= 150  AUC 0.639  Cllr    8.093  sqrt 1.106  hapax 1.806  (100s)
  czech_poetree            kn          sent L=full  AUC 0.940  Cllr   14.362  sqrt 0.572  hapax 1.070  (1482s)
  czech_poetree            kn          sent L=1200  AUC 0.869  Cllr   23.736  sqrt 0.897  hapax 1.802  (423s)
  czech_poetree            kn          sent L= 600  AUC 0.808  Cllr   15.293  sqrt 0.919  hapax 1.725  (238s)
  czech_poetree            kn          sent L= 300  AUC 0.707  Cllr   12.161  sqrt 1.076  hapax 1.964  (143s)
  czech_poetree            kn          sent L= 150  AUC 0.639  Cllr    8.093  sqrt 1.106  hapax 1.806  (100s)
  czech_poetree            kn          sent L=full  AUC 0.940  Cllr   14.362  sqrt 0.572  hapax 1.070  (1482s)
  czech_poetree            kn          sent L=1200  AUC 0.869  Cllr   23.736  sqrt 0.897  hapax 1.802  (423s)
  czech_poetree            kn          sent L= 600  AUC 0.808  Cllr   15.293  sqrt 0.919  hapax 1.725  (238s)
  czech_poetree            kn          sent L= 300  AUC 0.707  Cllr   12.161  sqrt 1.076  hapax 1.964  (143s)
  czech_poetree            kn          sent L= 150  AUC 0.639  Cllr    8.093  sqrt 1.106  hapax 1.806  (100s)
  czech_poetree            kn          sent L=full  AUC 0.940  Cllr   14.362  sqrt 0.572  hapax 1.070  (1482s)
  czech_poetree            kn          sent L=1200  AUC 0.869  Cllr   23.736  sqrt 0.897  hapax 1.802  (423s)
  czech_poetree            kn          sent L= 600  AUC 0.808  Cllr   15.293  sqrt 0.919  hapax 1.725  (238s)
  czech_poetree            kn          sent L= 300  AUC 0.707  Cllr   12.161  sqrt 1.076  hapax 1.964  (143s)
  czech_poetree            kn          sent L= 150  AUC 0.639  Cllr    8.093  sqrt 1.106  hapax 1.806  (100s)
  czech_poetree            kn          sent L=full  AUC 0.940  Cllr   14.362  sqrt 0.572  hapax 1.070  (1482s)
  czech_poetree            kn          sent L=1200  AUC 0.869  Cllr   23.736  sqrt 0.897  hapax 1.802  (423s)
  czech_poetree            kn          sent L= 600  AUC 0.808  Cllr   15.293  sqrt 0.919  hapax 1.725  (238s)
  czech_poetree            kn          sent L= 300  AUC 0.707  Cllr   12.161  sqrt 1.076  hapax 1.964  (143s)
  czech_poetree            kn          sent L= 150  AUC 0.639  Cllr    8.093  sqrt 1.106  hapax 1.806  (100s)
  czech_poetree            kn          sent L=full  AUC 0.940  Cllr   14.362  sqrt 0.572  hapax 1.070  (1482s)
  czech_poetree            kn          sent L=1200  AUC 0.869  Cllr   23.736  sqrt 0.897  hapax 1.802  (423s)
  czech_poetree            kn          sent L= 600  AUC 0.808  Cllr   15.293  sqrt 0.919  hapax 1.725  (238s)
  czech_poetree            kn          sent L= 300  AUC 0.707  Cllr   12.161  sqrt 1.076  hapax 1.964  (143s)
  czech_poetree            kn          sent L= 150  AUC 0.639  Cllr    8.093  sqrt 1.106  hapax 1.806  (100s)
  czech_poetree            kn          sent L=full  AUC 0.940  Cllr   14.362  sqrt 0.572  hapax 1.070  (1482s)
  czech_poetree            kn          sent L=1200  AUC 0.869  Cllr   23.736  sqrt 0.897  hapax 1.802  (423s)
  czech_poetree            kn          sent L= 600  AUC 0.808  Cllr   15.293  sqrt 0.919  hapax 1.725  (238s)
  czech_poetree            kn          sent L= 300  AUC 0.707  Cllr   12.161  sqrt 1.076  hapax 1.964  (143s)
  czech_poetree            kn          sent L= 150  AUC 0.639  Cllr    8.093  sqrt 1.106  hapax 1.806  (100s)
  hungarian_dracor         kn          sent L=full  AUC 0.927  Cllr   27.880  sqrt 0.891  hapax 1.751  (493s)
  hungarian_dracor         kn          sent L=1200  AUC 0.842  Cllr   48.940  sqrt 1.542  hapax 3.135  (133s)
  hungarian_dracor         kn          sent L= 600  AUC 0.792  Cllr   29.202  sqrt 1.406  hapax 2.603  (76s)
  hungarian_dracor         kn          sent L= 300  AUC 0.730  Cllr   16.319  sqrt 1.251  hapax 2.123  (51s)
  hungarian_dracor         kn          sent L= 150  AUC 0.669  Cllr   10.021  sqrt 1.194  hapax 1.928  (38s)
  hungarian_novels         kn          sent L=full  AUC 0.981  Cllr    4.673  sqrt 0.257  hapax 0.371  (1298s)
  hungarian_novels         kn          sent L=1200  AUC 0.878  Cllr   22.527  sqrt 0.860  hapax 1.694  (373s)
  hungarian_novels         kn          sent L= 600  AUC 0.745  Cllr   24.670  sqrt 1.270  hapax 2.542  (210s)
  hungarian_novels         kn          sent L= 300  AUC 0.642  Cllr   19.960  sqrt 1.450  hapax 2.831  (146s)
  hungarian_novels         kn          sent L= 150  AUC 0.591  Cllr   12.430  sqrt 1.383  hapax 2.386  (104s)
  hungarian_poetree        kn          sent L=full  AUC 0.929  Cllr   16.487  sqrt 0.640  hapax 1.010  (1373s)
  hungarian_poetree        kn          sent L=1200  AUC 0.823  Cllr   29.581  sqrt 1.096  hapax 1.932  (387s)
  hungarian_poetree        kn          sent L= 600  AUC 0.756  Cllr   21.891  sqrt 1.177  hapax 1.995  (224s)
  hungarian_poetree        kn          sent L= 300  AUC 0.675  Cllr   14.625  sqrt 1.211  hapax 1.856  (143s)
  hungarian_poetree        kn          sent L= 150  AUC 0.606  Cllr    9.691  sqrt 1.229  hapax 1.726  (102s)
  hungarian_poetree        kn          sent L=full  AUC 0.929  Cllr   16.487  sqrt 0.640  hapax 1.010  (1373s)
  hungarian_poetree        kn          sent L=1200  AUC 0.823  Cllr   29.581  sqrt 1.096  hapax 1.932  (387s)
  hungarian_poetree        kn          sent L= 600  AUC 0.756  Cllr   21.891  sqrt 1.177  hapax 1.995  (224s)
  hungarian_poetree        kn          sent L= 300  AUC 0.675  Cllr   14.625  sqrt 1.211  hapax 1.856  (143s)
  hungarian_poetree        kn          sent L= 150  AUC 0.606  Cllr    9.691  sqrt 1.229  hapax 1.726  (102s)
  hungarian_poetree        kn          sent L=full  AUC 0.929  Cllr   16.487  sqrt 0.640  hapax 1.010  (1373s)
  hungarian_poetree        kn          sent L=1200  AUC 0.823  Cllr   29.581  sqrt 1.096  hapax 1.932  (387s)
  hungarian_poetree        kn          sent L= 600  AUC 0.756  Cllr   21.891  sqrt 1.177  hapax 1.995  (224s)
  hungarian_poetree        kn          sent L= 300  AUC 0.675  Cllr   14.625  sqrt 1.211  hapax 1.856  (143s)
  hungarian_poetree        kn          sent L= 150  AUC 0.606  Cllr    9.691  sqrt 1.229  hapax 1.726  (102s)
  hungarian_poetree        kn          sent L=full  AUC 0.929  Cllr   16.487  sqrt 0.640  hapax 1.010  (1373s)
  hungarian_poetree        kn          sent L=1200  AUC 0.823  Cllr   29.581  sqrt 1.096  hapax 1.932  (387s)
  hungarian_poetree        kn          sent L= 600  AUC 0.756  Cllr   21.891  sqrt 1.177  hapax 1.995  (224s)
  hungarian_poetree        kn          sent L= 300  AUC 0.675  Cllr   14.625  sqrt 1.211  hapax 1.856  (143s)
  hungarian_poetree        kn          sent L= 150  AUC 0.606  Cllr    9.691  sqrt 1.229  hapax 1.726  (102s)
  hungarian_poetree        kn          sent L=full  AUC 0.929  Cllr   16.487  sqrt 0.640  hapax 1.010  (1373s)
  hungarian_poetree        kn          sent L=1200  AUC 0.823  Cllr   29.581  sqrt 1.096  hapax 1.932  (387s)
  hungarian_poetree        kn          sent L= 600  AUC 0.756  Cllr   21.891  sqrt 1.177  hapax 1.995  (224s)
  hungarian_poetree        kn          sent L= 300  AUC 0.675  Cllr   14.625  sqrt 1.211  hapax 1.856  (143s)
  hungarian_poetree        kn          sent L= 150  AUC 0.606  Cllr    9.691  sqrt 1.229  hapax 1.726  (102s)
  hungarian_poetree        kn          sent L=full  AUC 0.929  Cllr   16.487  sqrt 0.640  hapax 1.010  (1373s)
  hungarian_poetree        kn          sent L=1200  AUC 0.823  Cllr   29.581  sqrt 1.096  hapax 1.932  (387s)
  hungarian_poetree        kn          sent L= 600  AUC 0.756  Cllr   21.891  sqrt 1.177  hapax 1.995  (224s)
  hungarian_poetree        kn          sent L= 300  AUC 0.675  Cllr   14.625  sqrt 1.211  hapax 1.856  (143s)
  hungarian_poetree        kn          sent L= 150  AUC 0.606  Cllr    9.691  sqrt 1.229  hapax 1.726  (102s)
  hungarian_poetree        kn          sent L=full  AUC 0.929  Cllr   16.487  sqrt 0.640  hapax 1.010  (1373s)
  hungarian_poetree        kn          sent L=1200  AUC 0.823  Cllr   29.581  sqrt 1.096  hapax 1.932  (387s)
  hungarian_poetree        kn          sent L= 600  AUC 0.756  Cllr   21.891  sqrt 1.177  hapax 1.995  (224s)
  hungarian_poetree        kn          sent L= 300  AUC 0.675  Cllr   14.625  sqrt 1.211  hapax 1.856  (143s)
  hungarian_poetree        kn          sent L= 150  AUC 0.606  Cllr    9.691  sqrt 1.229  hapax 1.726  (102s)
  hungarian_poetree        kn          sent L=full  AUC 0.929  Cllr   16.487  sqrt 0.640  hapax 1.010  (1373s)
  hungarian_poetree        kn          sent L=1200  AUC 0.823  Cllr   29.581  sqrt 1.096  hapax 1.932  (387s)
  hungarian_poetree        kn          sent L= 600  AUC 0.756  Cllr   21.891  sqrt 1.177  hapax 1.995  (224s)
  hungarian_poetree        kn          sent L= 300  AUC 0.675  Cllr   14.625  sqrt 1.211  hapax 1.856  (143s)
  hungarian_poetree        kn          sent L= 150  AUC 0.606  Cllr    9.691  sqrt 1.229  hapax 1.726  (102s)
  hungarian_poetree        kn          sent L=full  AUC 0.929  Cllr   16.487  sqrt 0.640  hapax 1.010  (1373s)
  hungarian_poetree        kn          sent L=1200  AUC 0.823  Cllr   29.581  sqrt 1.096  hapax 1.932  (387s)
  hungarian_poetree        kn          sent L= 600  AUC 0.756  Cllr   21.891  sqrt 1.177  hapax 1.995  (224s)
  hungarian_poetree        kn          sent L= 300  AUC 0.675  Cllr   14.625  sqrt 1.211  hapax 1.856  (143s)
  hungarian_poetree        kn          sent L= 150  AUC 0.606  Cllr    9.691  sqrt 1.229  hapax 1.726  (102s)
  hungarian_poetree        kn          sent L=full  AUC 0.929  Cllr   16.487  sqrt 0.640  hapax 1.010  (1373s)
  hungarian_poetree        kn          sent L=1200  AUC 0.823  Cllr   29.581  sqrt 1.096  hapax 1.932  (387s)
  hungarian_poetree        kn          sent L= 600  AUC 0.756  Cllr   21.891  sqrt 1.177  hapax 1.995  (224s)
  hungarian_poetree        kn          sent L= 300  AUC 0.675  Cllr   14.625  sqrt 1.211  hapax 1.856  (143s)
  hungarian_poetree        kn          sent L= 150  AUC 0.606  Cllr    9.691  sqrt 1.229  hapax 1.726  (102s)
  hungarian_poetree        kn          sent L=full  AUC 0.929  Cllr   16.487  sqrt 0.640  hapax 1.010  (1373s)
  hungarian_poetree        kn          sent L=1200  AUC 0.823  Cllr   29.581  sqrt 1.096  hapax 1.932  (387s)
  hungarian_poetree        kn          sent L= 600  AUC 0.756  Cllr   21.891  sqrt 1.177  hapax 1.995  (224s)
  hungarian_poetree        kn          sent L= 300  AUC 0.675  Cllr   14.625  sqrt 1.211  hapax 1.856  (143s)
  hungarian_poetree        kn          sent L= 150  AUC 0.606  Cllr    9.691  sqrt 1.229  hapax 1.726  (102s)
  hungarian_poetree        kn          sent L=full  AUC 0.929  Cllr   16.487  sqrt 0.640  hapax 1.010  (1373s)
  hungarian_poetree        kn          sent L=1200  AUC 0.823  Cllr   29.581  sqrt 1.096  hapax 1.932  (387s)
  hungarian_poetree        kn          sent L= 600  AUC 0.756  Cllr   21.891  sqrt 1.177  hapax 1.995  (224s)
  hungarian_poetree        kn          sent L= 300  AUC 0.675  Cllr   14.625  sqrt 1.211  hapax 1.856  (143s)
  hungarian_poetree        kn          sent L= 150  AUC 0.606  Cllr    9.691  sqrt 1.229  hapax 1.726  (102s)
  hungarian_poetree        kn          sent L=full  AUC 0.929  Cllr   16.487  sqrt 0.640  hapax 1.010  (1373s)
  hungarian_poetree        kn          sent L=1200  AUC 0.823  Cllr   29.581  sqrt 1.096  hapax 1.932  (387s)
  hungarian_poetree        kn          sent L= 600  AUC 0.756  Cllr   21.891  sqrt 1.177  hapax 1.995  (224s)
  hungarian_poetree        kn          sent L= 300  AUC 0.675  Cllr   14.625  sqrt 1.211  hapax 1.856  (143s)
  hungarian_poetree        kn          sent L= 150  AUC 0.606  Cllr    9.691  sqrt 1.229  hapax 1.726  (102s)
  hungarian_poetree        kn          sent L=full  AUC 0.929  Cllr   16.487  sqrt 0.640  hapax 1.010  (1373s)
  hungarian_poetree        kn          sent L=1200  AUC 0.823  Cllr   29.581  sqrt 1.096  hapax 1.932  (387s)
  hungarian_poetree        kn          sent L= 600  AUC 0.756  Cllr   21.891  sqrt 1.177  hapax 1.995  (224s)
  hungarian_poetree        kn          sent L= 300  AUC 0.675  Cllr   14.625  sqrt 1.211  hapax 1.856  (143s)
  hungarian_poetree        kn          sent L= 150  AUC 0.606  Cllr    9.691  sqrt 1.229  hapax 1.726  (102s)
  hungarian_poetree        kn          sent L=full  AUC 0.929  Cllr   16.487  sqrt 0.640  hapax 1.010  (1373s)
  hungarian_poetree        kn          sent L=1200  AUC 0.823  Cllr   29.581  sqrt 1.096  hapax 1.932  (387s)
  hungarian_poetree        kn          sent L= 600  AUC 0.756  Cllr   21.891  sqrt 1.177  hapax 1.995  (224s)
  hungarian_poetree        kn          sent L= 300  AUC 0.675  Cllr   14.625  sqrt 1.211  hapax 1.856  (143s)
  hungarian_poetree        kn          sent L= 150  AUC 0.606  Cllr    9.691  sqrt 1.229  hapax 1.726  (102s)
  hungarian_poetree        kn          sent L=full  AUC 0.929  Cllr   16.487  sqrt 0.640  hapax 1.010  (1373s)
  hungarian_poetree        kn          sent L=1200  AUC 0.823  Cllr   29.581  sqrt 1.096  hapax 1.932  (387s)
  hungarian_poetree        kn          sent L= 600  AUC 0.756  Cllr   21.891  sqrt 1.177  hapax 1.995  (224s)
  hungarian_poetree        kn          sent L= 300  AUC 0.675  Cllr   14.625  sqrt 1.211  hapax 1.856  (143s)
  hungarian_poetree        kn          sent L= 150  AUC 0.606  Cllr    9.691  sqrt 1.229  hapax 1.726  (102s)
  hungarian_poetree        kn          sent L=full  AUC 0.929  Cllr   16.487  sqrt 0.640  hapax 1.010  (1373s)
  hungarian_poetree        kn          sent L=1200  AUC 0.823  Cllr   29.581  sqrt 1.096  hapax 1.932  (387s)
  hungarian_poetree        kn          sent L= 600  AUC 0.756  Cllr   21.891  sqrt 1.177  hapax 1.995  (224s)
  hungarian_poetree        kn          sent L= 300  AUC 0.675  Cllr   14.625  sqrt 1.211  hapax 1.856  (143s)
  hungarian_poetree        kn          sent L= 150  AUC 0.606  Cllr    9.691  sqrt 1.229  hapax 1.726  (102s)
  hungarian_poetree        kn          sent L=full  AUC 0.929  Cllr   16.487  sqrt 0.640  hapax 1.010  (1373s)
  hungarian_poetree        kn          sent L=1200  AUC 0.823  Cllr   29.581  sqrt 1.096  hapax 1.932  (387s)
  hungarian_poetree        kn          sent L= 600  AUC 0.756  Cllr   21.891  sqrt 1.177  hapax 1.995  (224s)
  hungarian_poetree        kn          sent L= 300  AUC 0.675  Cllr   14.625  sqrt 1.211  hapax 1.856  (143s)
  hungarian_poetree        kn          sent L= 150  AUC 0.606  Cllr    9.691  sqrt 1.229  hapax 1.726  (102s)
  hungarian_poetree        kn          sent L=full  AUC 0.929  Cllr   16.487  sqrt 0.640  hapax 1.010  (1373s)
  hungarian_poetree        kn          sent L=1200  AUC 0.823  Cllr   29.581  sqrt 1.096  hapax 1.932  (387s)
  hungarian_poetree        kn          sent L= 600  AUC 0.756  Cllr   21.891  sqrt 1.177  hapax 1.995  (224s)
  hungarian_poetree        kn          sent L= 300  AUC 0.675  Cllr   14.625  sqrt 1.211  hapax 1.856  (143s)
  hungarian_poetree        kn          sent L= 150  AUC 0.606  Cllr    9.691  sqrt 1.229  hapax 1.726  (102s)
  hungarian_poetree        kn          sent L=full  AUC 0.929  Cllr   16.487  sqrt 0.640  hapax 1.010  (1373s)
  hungarian_poetree        kn          sent L=1200  AUC 0.823  Cllr   29.581  sqrt 1.096  hapax 1.932  (387s)
  hungarian_poetree        kn          sent L= 600  AUC 0.756  Cllr   21.891  sqrt 1.177  hapax 1.995  (224s)
  hungarian_poetree        kn          sent L= 300  AUC 0.675  Cllr   14.625  sqrt 1.211  hapax 1.856  (143s)
  hungarian_poetree        kn          sent L= 150  AUC 0.606  Cllr    9.691  sqrt 1.229  hapax 1.726  (102s)
  hungarian_poetree        kn          sent L=full  AUC 0.929  Cllr   16.487  sqrt 0.640  hapax 1.010  (1373s)
  hungarian_poetree        kn          sent L=1200  AUC 0.823  Cllr   29.581  sqrt 1.096  hapax 1.932  (387s)
  hungarian_poetree        kn          sent L= 600  AUC 0.756  Cllr   21.891  sqrt 1.177  hapax 1.995  (224s)
  hungarian_poetree        kn          sent L= 300  AUC 0.675  Cllr   14.625  sqrt 1.211  hapax 1.856  (143s)
  hungarian_poetree        kn          sent L= 150  AUC 0.606  Cllr    9.691  sqrt 1.229  hapax 1.726  (102s)

excluded (10+ reference authors required): croatian_novels (5), greek_novels (2), russian_novels (8), spanish_poetree (8), swedish_dracor (8), ukrainian_dracor (5)

25 runs -> D:\Moje dokumenty\Code\LambdaG\experiments\results_primary.csv
  latvian_novels           kn          sent L=full  AUC 0.881  Cllr   61.743  sqrt 1.797  hapax 4.580  (898s)
  latvian_novels           kn          sent L=1200  AUC 0.848  Cllr   46.085  sqrt 1.479  hapax 3.585  (243s)
  latvian_novels           kn          sent L= 600  AUC 0.745  Cllr   28.523  sqrt 1.404  hapax 3.255  (142s)
  latvian_novels           kn          sent L= 300  AUC 0.620  Cllr   18.495  sqrt 1.399  hapax 3.097  (89s)
  latvian_novels           kn          sent L= 150  AUC 0.496  Cllr   15.519  sqrt 1.610  hapax 3.665  (61s)
  latvian_novels           kn          sent L=full  AUC 0.881  Cllr   61.743  sqrt 1.797  hapax 4.580  (898s)
  latvian_novels           kn          sent L=1200  AUC 0.848  Cllr   46.085  sqrt 1.479  hapax 3.585  (243s)
  latvian_novels           kn          sent L= 600  AUC 0.745  Cllr   28.523  sqrt 1.404  hapax 3.255  (142s)
  latvian_novels           kn          sent L= 300  AUC 0.620  Cllr   18.495  sqrt 1.399  hapax 3.097  (89s)
  latvian_novels           kn          sent L= 150  AUC 0.496  Cllr   15.519  sqrt 1.610  hapax 3.665  (61s)
  latvian_novels           kn          sent L=full  AUC 0.881  Cllr   61.743  sqrt 1.797  hapax 4.580  (898s)
  latvian_novels           kn          sent L=1200  AUC 0.848  Cllr   46.085  sqrt 1.479  hapax 3.585  (243s)
  latvian_novels           kn          sent L= 600  AUC 0.745  Cllr   28.523  sqrt 1.404  hapax 3.255  (142s)
  latvian_novels           kn          sent L= 300  AUC 0.620  Cllr   18.495  sqrt 1.399  hapax 3.097  (89s)
  latvian_novels           kn          sent L= 150  AUC 0.496  Cllr   15.519  sqrt 1.610  hapax 3.665  (61s)
  latvian_novels           kn          sent L=full  AUC 0.881  Cllr   61.743  sqrt 1.797  hapax 4.580  (898s)
  latvian_novels           kn          sent L=1200  AUC 0.848  Cllr   46.085  sqrt 1.479  hapax 3.585  (243s)
  latvian_novels           kn          sent L= 600  AUC 0.745  Cllr   28.523  sqrt 1.404  hapax 3.255  (142s)
  latvian_novels           kn          sent L= 300  AUC 0.620  Cllr   18.495  sqrt 1.399  hapax 3.097  (89s)
  latvian_novels           kn          sent L= 150  AUC 0.496  Cllr   15.519  sqrt 1.610  hapax 3.665  (61s)
  latvian_novels           kn          sent L=full  AUC 0.881  Cllr   61.743  sqrt 1.797  hapax 4.580  (898s)
  latvian_novels           kn          sent L=1200  AUC 0.848  Cllr   46.085  sqrt 1.479  hapax 3.585  (243s)
  latvian_novels           kn          sent L= 600  AUC 0.745  Cllr   28.523  sqrt 1.404  hapax 3.255  (142s)
  latvian_novels           kn          sent L= 300  AUC 0.620  Cllr   18.495  sqrt 1.399  hapax 3.097  (89s)
  latvian_novels           kn          sent L= 150  AUC 0.496  Cllr   15.519  sqrt 1.610  hapax 3.665  (61s)
  latvian_novels           kn          sent L=full  AUC 0.881  Cllr   61.743  sqrt 1.797  hapax 4.580  (898s)
  latvian_novels           kn          sent L=1200  AUC 0.848  Cllr   46.085  sqrt 1.479  hapax 3.585  (243s)
  latvian_novels           kn          sent L= 600  AUC 0.745  Cllr   28.523  sqrt 1.404  hapax 3.255  (142s)
  latvian_novels           kn          sent L= 300  AUC 0.620  Cllr   18.495  sqrt 1.399  hapax 3.097  (89s)
  latvian_novels           kn          sent L= 150  AUC 0.496  Cllr   15.519  sqrt 1.610  hapax 3.665  (61s)
  latvian_novels           kn          sent L=full  AUC 0.881  Cllr   61.743  sqrt 1.797  hapax 4.580  (898s)
  latvian_novels           kn          sent L=1200  AUC 0.848  Cllr   46.085  sqrt 1.479  hapax 3.585  (243s)
  latvian_novels           kn          sent L= 600  AUC 0.745  Cllr   28.523  sqrt 1.404  hapax 3.255  (142s)
  latvian_novels           kn          sent L= 300  AUC 0.620  Cllr   18.495  sqrt 1.399  hapax 3.097  (89s)
  latvian_novels           kn          sent L= 150  AUC 0.496  Cllr   15.519  sqrt 1.610  hapax 3.665  (61s)
  latvian_novels           kn          sent L=full  AUC 0.881  Cllr   61.743  sqrt 1.797  hapax 4.580  (898s)
  latvian_novels           kn          sent L=1200  AUC 0.848  Cllr   46.085  sqrt 1.479  hapax 3.585  (243s)
  latvian_novels           kn          sent L= 600  AUC 0.745  Cllr   28.523  sqrt 1.404  hapax 3.255  (142s)
  latvian_novels           kn          sent L= 300  AUC 0.620  Cllr   18.495  sqrt 1.399  hapax 3.097  (89s)
  latvian_novels           kn          sent L= 150  AUC 0.496  Cllr   15.519  sqrt 1.610  hapax 3.665  (61s)
  latvian_novels           kn          sent L=full  AUC 0.881  Cllr   61.743  sqrt 1.797  hapax 4.580  (898s)
  latvian_novels           kn          sent L=1200  AUC 0.848  Cllr   46.085  sqrt 1.479  hapax 3.585  (243s)
  latvian_novels           kn          sent L= 600  AUC 0.745  Cllr   28.523  sqrt 1.404  hapax 3.255  (142s)
  latvian_novels           kn          sent L= 300  AUC 0.620  Cllr   18.495  sqrt 1.399  hapax 3.097  (89s)
  latvian_novels           kn          sent L= 150  AUC 0.496  Cllr   15.519  sqrt 1.610  hapax 3.665  (61s)
  latvian_novels           kn          sent L=full  AUC 0.881  Cllr   61.743  sqrt 1.797  hapax 4.580  (898s)
  latvian_novels           kn          sent L=1200  AUC 0.848  Cllr   46.085  sqrt 1.479  hapax 3.585  (243s)
  latvian_novels           kn          sent L= 600  AUC 0.745  Cllr   28.523  sqrt 1.404  hapax 3.255  (142s)
  latvian_novels           kn          sent L= 300  AUC 0.620  Cllr   18.495  sqrt 1.399  hapax 3.097  (89s)
  latvian_novels           kn          sent L= 150  AUC 0.496  Cllr   15.519  sqrt 1.610  hapax 3.665  (61s)
  latvian_novels           kn          sent L=full  AUC 0.881  Cllr   61.743  sqrt 1.797  hapax 4.580  (898s)
  latvian_novels           kn          sent L=1200  AUC 0.848  Cllr   46.085  sqrt 1.479  hapax 3.585  (243s)
  latvian_novels           kn          sent L= 600  AUC 0.745  Cllr   28.523  sqrt 1.404  hapax 3.255  (142s)
  latvian_novels           kn          sent L= 300  AUC 0.620  Cllr   18.495  sqrt 1.399  hapax 3.097  (89s)
  latvian_novels           kn          sent L= 150  AUC 0.496  Cllr   15.519  sqrt 1.610  hapax 3.665  (61s)
  latvian_novels           kn          sent L=full  AUC 0.881  Cllr   61.743  sqrt 1.797  hapax 4.580  (898s)
  latvian_novels           kn          sent L=1200  AUC 0.848  Cllr   46.085  sqrt 1.479  hapax 3.585  (243s)
  latvian_novels           kn          sent L= 600  AUC 0.745  Cllr   28.523  sqrt 1.404  hapax 3.255  (142s)
  latvian_novels           kn          sent L= 300  AUC 0.620  Cllr   18.495  sqrt 1.399  hapax 3.097  (89s)
  latvian_novels           kn          sent L= 150  AUC 0.496  Cllr   15.519  sqrt 1.610  hapax 3.665  (61s)
  serbian_novels           kn          sent L=full  AUC 0.879  Cllr   19.631  sqrt 0.796  hapax 0.770  (608s)
  serbian_novels           kn          sent L=1200  AUC 0.803  Cllr   24.848  sqrt 0.992  hapax 0.944  (192s)
  serbian_novels           kn          sent L= 600  AUC 0.683  Cllr   24.259  sqrt 1.318  hapax 1.220  (113s)
  serbian_novels           kn          sent L= 300  AUC 0.625  Cllr   14.706  sqrt 1.264  hapax 1.194  (74s)
  serbian_novels           kn          sent L= 150  AUC 0.566  Cllr    9.291  sqrt 1.246  hapax 1.200  (56s)
  serbian_novels           kn          sent L=full  AUC 0.879  Cllr   19.631  sqrt 0.796  hapax 0.770  (608s)
  serbian_novels           kn          sent L=1200  AUC 0.803  Cllr   24.848  sqrt 0.992  hapax 0.944  (192s)
  serbian_novels           kn          sent L= 600  AUC 0.683  Cllr   24.259  sqrt 1.318  hapax 1.220  (113s)
  serbian_novels           kn          sent L= 300  AUC 0.625  Cllr   14.706  sqrt 1.264  hapax 1.194  (74s)
  serbian_novels           kn          sent L= 150  AUC 0.566  Cllr    9.291  sqrt 1.246  hapax 1.200  (56s)
  serbian_novels           kn          sent L=full  AUC 0.879  Cllr   19.631  sqrt 0.796  hapax 0.770  (608s)
  serbian_novels           kn          sent L=1200  AUC 0.803  Cllr   24.848  sqrt 0.992  hapax 0.944  (192s)
  serbian_novels           kn          sent L= 600  AUC 0.683  Cllr   24.259  sqrt 1.318  hapax 1.220  (113s)
  serbian_novels           kn          sent L= 300  AUC 0.625  Cllr   14.706  sqrt 1.264  hapax 1.194  (74s)
  serbian_novels           kn          sent L= 150  AUC 0.566  Cllr    9.291  sqrt 1.246  hapax 1.200  (56s)
  serbian_novels           kn          sent L=full  AUC 0.879  Cllr   19.631  sqrt 0.796  hapax 0.770  (608s)
  serbian_novels           kn          sent L=1200  AUC 0.803  Cllr   24.848  sqrt 0.992  hapax 0.944  (192s)
  serbian_novels           kn          sent L= 600  AUC 0.683  Cllr   24.259  sqrt 1.318  hapax 1.220  (113s)
  serbian_novels           kn          sent L= 300  AUC 0.625  Cllr   14.706  sqrt 1.264  hapax 1.194  (74s)
  serbian_novels           kn          sent L= 150  AUC 0.566  Cllr    9.291  sqrt 1.246  hapax 1.200  (56s)
  serbian_novels           kn          sent L=full  AUC 0.879  Cllr   19.631  sqrt 0.796  hapax 0.770  (608s)
  serbian_novels           kn          sent L=1200  AUC 0.803  Cllr   24.848  sqrt 0.992  hapax 0.944  (192s)
  serbian_novels           kn          sent L= 600  AUC 0.683  Cllr   24.259  sqrt 1.318  hapax 1.220  (113s)
  serbian_novels           kn          sent L= 300  AUC 0.625  Cllr   14.706  sqrt 1.264  hapax 1.194  (74s)
  serbian_novels           kn          sent L= 150  AUC 0.566  Cllr    9.291  sqrt 1.246  hapax 1.200  (56s)
  serbian_novels           kn          sent L=full  AUC 0.879  Cllr   19.631  sqrt 0.796  hapax 0.770  (608s)
  serbian_novels           kn          sent L=1200  AUC 0.803  Cllr   24.848  sqrt 0.992  hapax 0.944  (192s)
  serbian_novels           kn          sent L= 600  AUC 0.683  Cllr   24.259  sqrt 1.318  hapax 1.220  (113s)
  serbian_novels           kn          sent L= 300  AUC 0.625  Cllr   14.706  sqrt 1.264  hapax 1.194  (74s)
  serbian_novels           kn          sent L= 150  AUC 0.566  Cllr    9.291  sqrt 1.246  hapax 1.200  (56s)
  serbian_novels           kn          sent L=full  AUC 0.879  Cllr   19.631  sqrt 0.796  hapax 0.770  (608s)
  serbian_novels           kn          sent L=1200  AUC 0.803  Cllr   24.848  sqrt 0.992  hapax 0.944  (192s)
  serbian_novels           kn          sent L= 600  AUC 0.683  Cllr   24.259  sqrt 1.318  hapax 1.220  (113s)
  serbian_novels           kn          sent L= 300  AUC 0.625  Cllr   14.706  sqrt 1.264  hapax 1.194  (74s)
  serbian_novels           kn          sent L= 150  AUC 0.566  Cllr    9.291  sqrt 1.246  hapax 1.200  (56s)

excluded (10+ reference authors required): croatian_novels (5), greek_novels (2), russian_novels (8), spanish_poetree (8), swedish_dracor (8), ukrainian_dracor (5)

10 runs -> D:\Moje dokumenty\Code\LambdaG\experiments\results_primary.csv
  swedish_novels           kn          sent L=full  AUC 0.934  Cllr   20.337  sqrt 0.680  hapax 1.127  (0s)
  swedish_novels           kn          sent L=1200  AUC 0.837  Cllr   43.364  sqrt 1.420  hapax 2.427  (0s)
  swedish_novels           kn          sent L= 600  AUC 0.734  Cllr   34.925  sqrt 1.656  hapax 3.060  (0s)
