  american_dracor          kn          w10  L=full  AUC 0.949  Cllr   13.655  sqrt 0.500  hapax 0.790  (232s)
  american_dracor          kn          w10  L=1200  AUC 0.896  Cllr   23.186  sqrt 0.847  hapax 1.347  (69s)
  american_dracor          kn          w10  L= 600  AUC 0.872  Cllr   12.620  sqrt 0.770  hapax 1.274  (35s)
  american_dracor          kn          w10  L= 300  AUC 0.744  Cllr   11.173  sqrt 1.002  hapax 1.792  (22s)
  american_dracor          kn          w10  L= 150  AUC 0.652  Cllr    7.002  sqrt 1.042  hapax 1.745  (16s)
  american_dracor          kn          w20  L=full  AUC 0.951  Cllr   13.039  sqrt 0.483  hapax 0.766  (222s)
  american_dracor          kn          w20  L=1200  AUC 0.900  Cllr   22.201  sqrt 0.818  hapax 1.298  (55s)
  american_dracor          kn          w20  L= 600  AUC 0.862  Cllr   12.736  sqrt 0.784  hapax 1.298  (32s)
  american_dracor          kn          w20  L= 300  AUC 0.742  Cllr   11.486  sqrt 1.008  hapax 1.824  (20s)
  american_dracor          kn          w20  L= 150  AUC 0.678  Cllr    6.443  sqrt 0.997  hapax 1.627  (15s)
  american_dracor          kn          w30  L=full  AUC 0.951  Cllr   13.166  sqrt 0.488  hapax 0.777  (211s)
  american_dracor          kn          w30  L=1200  AUC 0.905  Cllr   19.959  sqrt 0.743  hapax 1.167  (55s)
  american_dracor          kn          w30  L= 600  AUC 0.880  Cllr   10.824  sqrt 0.694  hapax 1.102  (33s)
  american_dracor          kn          w30  L= 300  AUC 0.749  Cllr   10.128  sqrt 0.953  hapax 1.646  (20s)
  american_dracor          kn          w30  L= 150  AUC 0.676  Cllr    6.591  sqrt 1.007  hapax 1.642  (15s)
  american_dracor          kn          w30  L=full  AUC 0.951  Cllr   13.166  sqrt 0.488  hapax 0.777  (211s)
  american_dracor          kn          w30  L=1200  AUC 0.905  Cllr   19.959  sqrt 0.743  hapax 1.167  (55s)
  american_dracor          kn          w30  L= 600  AUC 0.880  Cllr   10.824  sqrt 0.694  hapax 1.102  (33s)
  american_dracor          kn          w30  L= 300  AUC 0.749  Cllr   10.128  sqrt 0.953  hapax 1.646  (20s)
  american_dracor          kn          w30  L= 150  AUC 0.676  Cllr    6.591  sqrt 1.007  hapax 1.642  (15s)
  dutch_dracor             kn          w10  L=full  AUC 0.919  Cllr   31.138  sqrt 0.969  hapax 1.345  (993s)
  dutch_dracor             kn          w10  L=1200  AUC 0.905  Cllr   27.303  sqrt 0.932  hapax 1.238  (273s)
  dutch_dracor             kn          w10  L= 600  AUC 0.871  Cllr   14.694  sqrt 0.852  hapax 1.181  (168s)
  dutch_dracor             kn          w10  L= 300  AUC 0.788  Cllr   10.280  sqrt 0.953  hapax 1.331  (107s)
  dutch_dracor             kn          w10  L= 150  AUC 0.718  Cllr    6.248  sqrt 0.974  hapax 1.378  (69s)
  dutch_dracor             kn          w20  L=full  AUC 0.918  Cllr   31.515  sqrt 0.980  hapax 1.356  (874s)
  dutch_dracor             kn          w20  L=1200  AUC 0.907  Cllr   27.590  sqrt 0.937  hapax 1.246  (249s)
  dutch_dracor             kn          w20  L= 600  AUC 0.871  Cllr   15.577  sqrt 0.879  hapax 1.226  (136s)
  dutch_dracor             kn          w20  L= 300  AUC 0.797  Cllr   10.266  sqrt 0.953  hapax 1.334  (94s)
  dutch_dracor             kn          w20  L= 150  AUC 0.719  Cllr    7.616  sqrt 1.043  hapax 1.591  (67s)
  dutch_dracor             kn          w30  L=full  AUC 0.920  Cllr   31.249  sqrt 0.972  hapax 1.347  (946s)
  dutch_dracor             kn          w30  L=1200  AUC 0.908  Cllr   28.162  sqrt 0.959  hapax 1.275  (234s)
  dutch_dracor             kn          w30  L= 600  AUC 0.868  Cllr   15.752  sqrt 0.896  hapax 1.255  (135s)
  dutch_dracor             kn          w30  L= 300  AUC 0.795  Cllr   11.195  sqrt 0.993  hapax 1.425  (95s)
  dutch_dracor             kn          w30  L= 150  AUC 0.716  Cllr    6.833  sqrt 1.005  hapax 1.468  (73s)
  dutch_dracor             kn          w30  L=full  AUC 0.920  Cllr   31.249  sqrt 0.972  hapax 1.347  (946s)
  dutch_dracor             kn          w30  L=1200  AUC 0.908  Cllr   28.162  sqrt 0.959  hapax 1.275  (234s)
  dutch_dracor             kn          w30  L= 600  AUC 0.868  Cllr   15.752  sqrt 0.896  hapax 1.255  (135s)
  dutch_dracor             kn          w30  L= 300  AUC 0.795  Cllr   11.195  sqrt 0.993  hapax 1.425  (95s)
  dutch_dracor             kn          w30  L= 150  AUC 0.716  Cllr    6.833  sqrt 1.005  hapax 1.468  (73s)
  english_dracor           kn          w10  L=full  AUC 0.934  Cllr   15.772  sqrt 0.599  hapax 0.828  (1508s)
  english_dracor           kn          w10  L=1200  AUC 0.875  Cllr   21.114  sqrt 0.841  hapax 1.139  (398s)
  english_dracor           kn          w10  L= 600  AUC 0.802  Cllr   13.936  sqrt 0.897  hapax 1.303  (225s)
  english_dracor           kn          w10  L= 300  AUC 0.716  Cllr    9.166  sqrt 0.968  hapax 1.436  (141s)
  english_dracor           kn          w10  L= 150  AUC 0.635  Cllr    6.641  sqrt 1.051  hapax 1.596  (103s)
  english_dracor           kn          w20  L=full  AUC 0.936  Cllr   15.486  sqrt 0.588  hapax 0.807  (1323s)
  english_dracor           kn          w20  L=1200  AUC 0.881  Cllr   19.692  sqrt 0.798  hapax 1.067  (371s)
  english_dracor           kn          w20  L= 600  AUC 0.808  Cllr   13.166  sqrt 0.869  hapax 1.246  (213s)
  english_dracor           kn          w20  L= 300  AUC 0.728  Cllr    8.716  sqrt 0.942  hapax 1.378  (132s)
  english_dracor           kn          w20  L= 150  AUC 0.644  Cllr    6.762  sqrt 1.049  hapax 1.616  (99s)
  english_dracor           kn          w30  L=full  AUC 0.937  Cllr   15.061  sqrt 0.576  hapax 0.791  (1309s)
  english_dracor           kn          w30  L=1200  AUC 0.882  Cllr   19.165  sqrt 0.783  hapax 1.042  (360s)
  english_dracor           kn          w30  L= 600  AUC 0.811  Cllr   12.879  sqrt 0.857  hapax 1.220  (207s)
  english_dracor           kn          w30  L= 300  AUC 0.727  Cllr    8.655  sqrt 0.939  hapax 1.362  (136s)
  english_dracor           kn          w30  L= 150  AUC 0.645  Cllr    6.595  sqrt 1.043  hapax 1.587  (95s)
  english_dracor           kn          w30  L=full  AUC 0.937  Cllr   15.061  sqrt 0.576  hapax 0.791  (1309s)
  english_dracor           kn          w30  L=1200  AUC 0.882  Cllr   19.165  sqrt 0.783  hapax 1.042  (360s)
  english_dracor           kn          w30  L= 600  AUC 0.811  Cllr   12.879  sqrt 0.857  hapax 1.220  (207s)
  english_dracor           kn          w30  L= 300  AUC 0.727  Cllr    8.655  sqrt 0.939  hapax 1.362  (136s)
  english_dracor           kn          w30  L= 150  AUC 0.645  Cllr    6.595  sqrt 1.043  hapax 1.587  (95s)
  english_poetree          kn          w10  L=full  AUC 0.940  Cllr   16.382  sqrt 0.614  hapax 0.922  (1433s)
  english_poetree          kn          w10  L=1200  AUC 0.867  Cllr   24.459  sqrt 0.916  hapax 1.387  (402s)
  english_poetree          kn          w10  L= 600  AUC 0.774  Cllr   16.432  sqrt 0.978  hapax 1.528  (230s)
  english_poetree          kn          w10  L= 300  AUC 0.691  Cllr   11.318  sqrt 1.055  hapax 1.659  (144s)
  english_poetree          kn          w10  L= 150  AUC 0.620  Cllr    8.373  sqrt 1.141  hapax 1.750  (103s)
  english_poetree          kn          w20  L=full  AUC 0.942  Cllr   15.973  sqrt 0.595  hapax 0.892  (1411s)
  english_poetree          kn          w20  L=1200  AUC 0.869  Cllr   23.007  sqrt 0.875  hapax 1.312  (396s)
  english_poetree          kn          w20  L= 600  AUC 0.777  Cllr   15.592  sqrt 0.952  hapax 1.461  (227s)
  english_poetree          kn          w20  L= 300  AUC 0.693  Cllr   11.258  sqrt 1.049  hapax 1.652  (156s)
  english_poetree          kn          w20  L= 150  AUC 0.625  Cllr    8.731  sqrt 1.155  hapax 1.811  (111s)
  english_poetree          kn          w30  L=full  AUC 0.945  Cllr   15.017  sqrt 0.569  hapax 0.844  (1435s)
  english_poetree          kn          w30  L=1200  AUC 0.871  Cllr   21.818  sqrt 0.843  hapax 1.253  (425s)
  english_poetree          kn          w30  L= 600  AUC 0.779  Cllr   15.511  sqrt 0.947  hapax 1.448  (249s)
  english_poetree          kn          w30  L= 300  AUC 0.696  Cllr   11.257  sqrt 1.045  hapax 1.642  (156s)
  english_poetree          kn          w30  L= 150  AUC 0.625  Cllr    8.424  sqrt 1.141  hapax 1.761  (107s)
  english_poetree          kn          w30  L=full  AUC 0.945  Cllr   15.017  sqrt 0.569  hapax 0.844  (1435s)
  english_poetree          kn          w30  L=1200  AUC 0.871  Cllr   21.818  sqrt 0.843  hapax 1.253  (425s)
  english_poetree          kn          w30  L= 600  AUC 0.779  Cllr   15.511  sqrt 0.947  hapax 1.448  (249s)
  english_poetree          kn          w30  L= 300  AUC 0.696  Cllr   11.257  sqrt 1.045  hapax 1.642  (156s)
  english_poetree          kn          w30  L= 150  AUC 0.625  Cllr    8.424  sqrt 1.141  hapax 1.761  (107s)
  french_dracor            kn          w10  L=full  AUC 0.931  Cllr   14.735  sqrt 0.582  hapax 1.000  (1586s)
  french_dracor            kn          w10  L=1200  AUC 0.848  Cllr   24.682  sqrt 0.940  hapax 1.684  (427s)
  french_dracor            kn          w10  L= 600  AUC 0.782  Cllr   16.377  sqrt 0.973  hapax 1.779  (252s)
  french_dracor            kn          w10  L= 300  AUC 0.727  Cllr   10.113  sqrt 0.980  hapax 1.740  (154s)
  french_dracor            kn          w10  L= 150  AUC 0.653  Cllr    6.751  sqrt 1.036  hapax 1.778  (112s)
  french_dracor            kn          w20  L=full  AUC 0.935  Cllr   14.326  sqrt 0.566  hapax 0.971  (1455s)
  french_dracor            kn          w20  L=1200  AUC 0.853  Cllr   23.730  sqrt 0.907  hapax 1.613  (399s)
  french_dracor            kn          w20  L= 600  AUC 0.787  Cllr   15.962  sqrt 0.954  hapax 1.737  (233s)
  french_dracor            kn          w20  L= 300  AUC 0.728  Cllr   10.142  sqrt 0.977  hapax 1.742  (160s)
  french_dracor            kn          w20  L= 150  AUC 0.660  Cllr    6.849  sqrt 1.037  hapax 1.794  (116s)
  french_dracor            kn          w30  L=full  AUC 0.934  Cllr   14.274  sqrt 0.564  hapax 0.966  (1565s)
  french_dracor            kn          w30  L=1200  AUC 0.854  Cllr   23.067  sqrt 0.889  hapax 1.579  (438s)
  french_dracor            kn          w30  L= 600  AUC 0.794  Cllr   15.253  sqrt 0.928  hapax 1.662  (233s)
  french_dracor            kn          w30  L= 300  AUC 0.732  Cllr   10.007  sqrt 0.972  hapax 1.720  (151s)
  french_dracor            kn          w30  L= 150  AUC 0.655  Cllr    6.725  sqrt 1.031  hapax 1.766  (120s)
  french_dracor            kn          w30  L=full  AUC 0.934  Cllr   14.274  sqrt 0.564  hapax 0.966  (1565s)
  french_dracor            kn          w30  L=1200  AUC 0.854  Cllr   23.067  sqrt 0.889  hapax 1.579  (438s)
  french_dracor            kn          w30  L= 600  AUC 0.794  Cllr   15.253  sqrt 0.928  hapax 1.662  (233s)
  french_dracor            kn          w30  L= 300  AUC 0.732  Cllr   10.007  sqrt 0.972  hapax 1.720  (151s)
  french_dracor            kn          w30  L= 150  AUC 0.655  Cllr    6.725  sqrt 1.031  hapax 1.766  (120s)
  french_poetree           kn          w10  L=full  AUC 0.928  Cllr   17.594  sqrt 0.650  hapax 0.958  (1620s)
  french_poetree           kn          w10  L=1200  AUC 0.869  Cllr   24.307  sqrt 0.885  hapax 1.378  (409s)
  french_poetree           kn          w10  L= 600  AUC 0.802  Cllr   15.098  sqrt 0.902  hapax 1.368  (230s)
  french_poetree           kn          w10  L= 300  AUC 0.719  Cllr   10.622  sqrt 1.003  hapax 1.547  (145s)
  french_poetree           kn          w10  L= 150  AUC 0.618  Cllr    8.048  sqrt 1.117  hapax 1.760  (104s)
  french_poetree           kn          w20  L=full  AUC 0.931  Cllr   17.010  sqrt 0.627  hapax 0.922  (1376s)
  french_poetree           kn          w20  L=1200  AUC 0.873  Cllr   23.181  sqrt 0.852  hapax 1.316  (360s)
  french_poetree           kn          w20  L= 600  AUC 0.807  Cllr   14.654  sqrt 0.883  hapax 1.329  (208s)
  french_poetree           kn          w20  L= 300  AUC 0.725  Cllr   10.356  sqrt 0.990  hapax 1.516  (130s)
  french_poetree           kn          w20  L= 150  AUC 0.622  Cllr    8.257  sqrt 1.127  hapax 1.795  (96s)
  french_poetree           kn          w30  L=full  AUC 0.930  Cllr   17.160  sqrt 0.631  hapax 0.931  (1290s)
  french_poetree           kn          w30  L=1200  AUC 0.873  Cllr   22.820  sqrt 0.842  hapax 1.293  (351s)
  french_poetree           kn          w30  L= 600  AUC 0.806  Cllr   14.449  sqrt 0.876  hapax 1.306  (241s)
  french_poetree           kn          w30  L= 300  AUC 0.720  Cllr   10.721  sqrt 1.006  hapax 1.555  (149s)
  french_poetree           kn          w30  L= 150  AUC 0.625  Cllr    7.969  sqrt 1.111  hapax 1.736  (98s)
  french_poetree           kn          w30  L=full  AUC 0.930  Cllr   17.160  sqrt 0.631  hapax 0.931  (1290s)
  french_poetree           kn          w30  L=1200  AUC 0.873  Cllr   22.820  sqrt 0.842  hapax 1.293  (351s)
  french_poetree           kn          w30  L= 600  AUC 0.806  Cllr   14.449  sqrt 0.876  hapax 1.306  (241s)
  french_poetree           kn          w30  L= 300  AUC 0.720  Cllr   10.721  sqrt 1.006  hapax 1.555  (149s)
  french_poetree           kn          w30  L= 150  AUC 0.625  Cllr    7.969  sqrt 1.111  hapax 1.736  (98s)
  german_dracor            kn          w10  L=full  AUC 0.933  Cllr   20.604  sqrt 0.693  hapax 1.325  (1646s)
  german_dracor            kn          w10  L=1200  AUC 0.887  Cllr   23.610  sqrt 0.853  hapax 1.564  (425s)
  german_dracor            kn          w10  L= 600  AUC 0.841  Cllr   13.160  sqrt 0.818  hapax 1.443  (242s)
  german_dracor            kn          w10  L= 300  AUC 0.749  Cllr    9.528  sqrt 0.931  hapax 1.633  (163s)
  german_dracor            kn          w10  L= 150  AUC 0.666  Cllr    6.707  sqrt 1.014  hapax 1.712  (124s)
  german_dracor            kn          w20  L=full  AUC 0.933  Cllr   20.646  sqrt 0.691  hapax 1.327  (1487s)
  german_dracor            kn          w20  L=1200  AUC 0.890  Cllr   22.028  sqrt 0.813  hapax 1.471  (391s)
  german_dracor            kn          w20  L= 600  AUC 0.839  Cllr   12.925  sqrt 0.809  hapax 1.413  (213s)
  german_dracor            kn          w20  L= 300  AUC 0.755  Cllr    9.350  sqrt 0.919  hapax 1.600  (137s)
  german_dracor            kn          w20  L= 150  AUC 0.662  Cllr    7.233  sqrt 1.042  hapax 1.824  (100s)
  german_dracor            kn          w30  L=full  AUC 0.935  Cllr   20.003  sqrt 0.673  hapax 1.290  (1356s)
  german_dracor            kn          w30  L=1200  AUC 0.890  Cllr   21.763  sqrt 0.803  hapax 1.447  (423s)
  german_dracor            kn          w30  L= 600  AUC 0.845  Cllr   12.313  sqrt 0.783  hapax 1.349  (224s)
  german_dracor            kn          w30  L= 300  AUC 0.757  Cllr    9.142  sqrt 0.910  hapax 1.567  (139s)
  german_dracor            kn          w30  L= 150  AUC 0.664  Cllr    6.762  sqrt 1.020  hapax 1.730  (115s)
  german_dracor            kn          w30  L=full  AUC 0.935  Cllr   20.003  sqrt 0.673  hapax 1.290  (1356s)
  german_dracor            kn          w30  L=1200  AUC 0.890  Cllr   21.763  sqrt 0.803  hapax 1.447  (423s)
  german_dracor            kn          w30  L= 600  AUC 0.845  Cllr   12.313  sqrt 0.783  hapax 1.349  (224s)
  german_dracor            kn          w30  L= 300  AUC 0.757  Cllr    9.142  sqrt 0.910  hapax 1.567  (139s)
  german_dracor            kn          w30  L= 150  AUC 0.664  Cllr    6.762  sqrt 1.020  hapax 1.730  (115s)
  german_poetree           kn          w10  L=full  AUC 0.989  Cllr    2.927  sqrt 0.202  hapax 0.223  (1550s)
  german_poetree           kn          w10  L=1200  AUC 0.937  Cllr   11.470  sqrt 0.546  hapax 0.781  (430s)
  german_poetree           kn          w10  L= 600  AUC 0.891  Cllr    8.621  sqrt 0.654  hapax 0.915  (248s)
  german_poetree           kn          w10  L= 300  AUC 0.817  Cllr    6.854  sqrt 0.785  hapax 1.096  (155s)
  german_poetree           kn          w10  L= 150  AUC 0.724  Cllr    5.665  sqrt 0.929  hapax 1.342  (105s)
  german_poetree           kn          w20  L=full  AUC 0.990  Cllr    2.760  sqrt 0.194  hapax 0.212  (1303s)
  german_poetree           kn          w20  L=1200  AUC 0.938  Cllr   11.330  sqrt 0.537  hapax 0.769  (359s)
  german_poetree           kn          w20  L= 600  AUC 0.889  Cllr    8.697  sqrt 0.655  hapax 0.924  (201s)
  german_poetree           kn          w20  L= 300  AUC 0.821  Cllr    6.620  sqrt 0.775  hapax 1.065  (127s)
  german_poetree           kn          w20  L= 150  AUC 0.729  Cllr    5.976  sqrt 0.947  hapax 1.394  (95s)
  german_poetree           kn          w30  L=full  AUC 0.990  Cllr    2.696  sqrt 0.192  hapax 0.207  (1249s)
  german_poetree           kn          w30  L=1200  AUC 0.943  Cllr   10.719  sqrt 0.517  hapax 0.732  (346s)
  german_poetree           kn          w30  L= 600  AUC 0.895  Cllr    8.410  sqrt 0.641  hapax 0.890  (201s)
  german_poetree           kn          w30  L= 300  AUC 0.823  Cllr    6.524  sqrt 0.771  hapax 1.057  (127s)
  german_poetree           kn          w30  L= 150  AUC 0.727  Cllr    5.624  sqrt 0.928  hapax 1.331  (93s)
  german_poetree           kn          w30  L=full  AUC 0.990  Cllr    2.696  sqrt 0.192  hapax 0.207  (1249s)
  german_poetree           kn          w30  L=1200  AUC 0.943  Cllr   10.719  sqrt 0.517  hapax 0.732  (346s)
  german_poetree           kn          w30  L= 600  AUC 0.895  Cllr    8.410  sqrt 0.641  hapax 0.890  (201s)
  german_poetree           kn          w30  L= 300  AUC 0.823  Cllr    6.524  sqrt 0.771  hapax 1.057  (127s)
  german_poetree           kn          w30  L= 150  AUC 0.727  Cllr    5.624  sqrt 0.928  hapax 1.331  (93s)
  italian_dracor           kn          w10  L=full  AUC 0.816  Cllr   80.584  sqrt 2.324  hapax 5.470  (1487s)
  italian_dracor           kn          w10  L=1200  AUC 0.814  Cllr   40.982  sqrt 1.333  hapax 2.915  (380s)
  italian_dracor           kn          w10  L= 600  AUC 0.785  Cllr   17.280  sqrt 0.975  hapax 1.947  (214s)
  italian_dracor           kn          w10  L= 300  AUC 0.727  Cllr    8.763  sqrt 0.935  hapax 1.567  (135s)
  italian_dracor           kn          w10  L= 150  AUC 0.626  Cllr    6.085  sqrt 1.036  hapax 1.616  (96s)
  italian_dracor           kn          w20  L=full  AUC 0.819  Cllr   79.358  sqrt 2.288  hapax 5.386  (1392s)
  italian_dracor           kn          w20  L=1200  AUC 0.820  Cllr   39.478  sqrt 1.288  hapax 2.808  (354s)
  italian_dracor           kn          w20  L= 600  AUC 0.801  Cllr   16.015  sqrt 0.918  hapax 1.811  (201s)
  italian_dracor           kn          w20  L= 300  AUC 0.740  Cllr    8.345  sqrt 0.911  hapax 1.507  (128s)
  italian_dracor           kn          w20  L= 150  AUC 0.622  Cllr    6.654  sqrt 1.065  hapax 1.715  (95s)
  italian_dracor           kn          w30  L=full  AUC 0.818  Cllr   78.703  sqrt 2.271  hapax 5.341  (1286s)
  italian_dracor           kn          w30  L=1200  AUC 0.823  Cllr   38.324  sqrt 1.253  hapax 2.726  (336s)
  italian_dracor           kn          w30  L= 600  AUC 0.797  Cllr   16.133  sqrt 0.925  hapax 1.819  (194s)
  italian_dracor           kn          w30  L= 300  AUC 0.748  Cllr    8.069  sqrt 0.892  hapax 1.451  (122s)
  italian_dracor           kn          w30  L= 150  AUC 0.634  Cllr    6.100  sqrt 1.030  hapax 1.604  (90s)
  italian_dracor           kn          w30  L=full  AUC 0.818  Cllr   78.703  sqrt 2.271  hapax 5.341  (1286s)
  italian_dracor           kn          w30  L=1200  AUC 0.823  Cllr   38.324  sqrt 1.253  hapax 2.726  (336s)
  italian_dracor           kn          w30  L= 600  AUC 0.797  Cllr   16.133  sqrt 0.925  hapax 1.819  (194s)
  italian_dracor           kn          w30  L= 300  AUC 0.748  Cllr    8.069  sqrt 0.892  hapax 1.451  (122s)
  italian_dracor           kn          w30  L= 150  AUC 0.634  Cllr    6.100  sqrt 1.030  hapax 1.604  (90s)
  italian_poetree          kn          w10  L=full  AUC 0.966  Cllr    8.873  sqrt 0.359  hapax 0.601  (1462s)
  italian_poetree          kn          w10  L=1200  AUC 0.930  Cllr   11.327  sqrt 0.510  hapax 0.800  (379s)
  italian_poetree          kn          w10  L= 600  AUC 0.875  Cllr    9.505  sqrt 0.681  hapax 1.066  (216s)
  italian_poetree          kn          w10  L= 300  AUC 0.776  Cllr    8.444  sqrt 0.884  hapax 1.388  (135s)
  italian_poetree          kn          w10  L= 150  AUC 0.676  Cllr    6.508  sqrt 1.011  hapax 1.555  (96s)
  italian_poetree          kn          w20  L=full  AUC 0.966  Cllr    8.970  sqrt 0.360  hapax 0.606  (1340s)
  italian_poetree          kn          w20  L=1200  AUC 0.932  Cllr   10.990  sqrt 0.501  hapax 0.780  (353s)
  italian_poetree          kn          w20  L= 600  AUC 0.876  Cllr    9.755  sqrt 0.688  hapax 1.087  (202s)
  italian_poetree          kn          w20  L= 300  AUC 0.784  Cllr    8.171  sqrt 0.867  hapax 1.342  (114s)
  italian_poetree          kn          w20  L= 150  AUC 0.678  Cllr    6.675  sqrt 1.020  hapax 1.593  (70s)
  italian_poetree          kn          w30  L=full  AUC 0.966  Cllr    8.898  sqrt 0.358  hapax 0.599  (873s)
  italian_poetree          kn          w30  L=1200  AUC 0.934  Cllr   10.827  sqrt 0.496  hapax 0.763  (221s)
  italian_poetree          kn          w30  L= 600  AUC 0.879  Cllr    9.559  sqrt 0.684  hapax 1.074  (124s)
  italian_poetree          kn          w30  L= 300  AUC 0.782  Cllr    8.421  sqrt 0.880  hapax 1.381  (79s)
  italian_poetree          kn          w30  L= 150  AUC 0.675  Cllr    6.391  sqrt 1.007  hapax 1.539  (58s)
  italian_poetree          kn          w30  L=full  AUC 0.966  Cllr    8.898  sqrt 0.358  hapax 0.599  (873s)
  italian_poetree          kn          w30  L=1200  AUC 0.934  Cllr   10.827  sqrt 0.496  hapax 0.763  (221s)
  italian_poetree          kn          w30  L= 600  AUC 0.879  Cllr    9.559  sqrt 0.684  hapax 1.074  (124s)
  italian_poetree          kn          w30  L= 300  AUC 0.782  Cllr    8.421  sqrt 0.880  hapax 1.381  (79s)
  italian_poetree          kn          w30  L= 150  AUC 0.675  Cllr    6.391  sqrt 1.007  hapax 1.539  (58s)
  norwegian_poetree        kn          w10  L=full  AUC 0.965  Cllr   10.459  sqrt 0.405  hapax 0.402  (129s)
  norwegian_poetree        kn          w10  L=1200  AUC 0.947  Cllr   11.437  sqrt 0.479  hapax 0.469  (34s)
  norwegian_poetree        kn          w10  L= 600  AUC 0.923  Cllr    7.810  sqrt 0.525  hapax 0.533  (19s)
  norwegian_poetree        kn          w10  L= 300  AUC 0.865  Cllr    6.628  sqrt 0.682  hapax 0.758  (12s)
  norwegian_poetree        kn          w10  L= 150  AUC 0.836  Cllr    5.551  sqrt 0.792  hapax 0.954  (9s)
  norwegian_poetree        kn          w20  L=full  AUC 0.966  Cllr   10.194  sqrt 0.400  hapax 0.400  (117s)
  norwegian_poetree        kn          w20  L=1200  AUC 0.944  Cllr   11.905  sqrt 0.489  hapax 0.477  (32s)
  norwegian_poetree        kn          w20  L= 600  AUC 0.920  Cllr    7.943  sqrt 0.536  hapax 0.550  (18s)
  norwegian_poetree        kn          w20  L= 300  AUC 0.864  Cllr    6.782  sqrt 0.693  hapax 0.780  (12s)
  norwegian_poetree        kn          w20  L= 150  AUC 0.815  Cllr    6.413  sqrt 0.862  hapax 1.074  (8s)
  norwegian_poetree        kn          w30  L=full  AUC 0.970  Cllr    9.241  sqrt 0.372  hapax 0.368  (115s)
  norwegian_poetree        kn          w30  L=1200  AUC 0.950  Cllr   10.550  sqrt 0.452  hapax 0.439  (31s)
  norwegian_poetree        kn          w30  L= 600  AUC 0.925  Cllr    7.652  sqrt 0.516  hapax 0.525  (18s)
  norwegian_poetree        kn          w30  L= 300  AUC 0.868  Cllr    6.647  sqrt 0.689  hapax 0.763  (12s)
  norwegian_poetree        kn          w30  L= 150  AUC 0.818  Cllr    6.260  sqrt 0.855  hapax 1.055  (8s)
  norwegian_poetree        kn          w30  L=full  AUC 0.970  Cllr    9.241  sqrt 0.372  hapax 0.368  (115s)
  norwegian_poetree        kn          w30  L=1200  AUC 0.950  Cllr   10.550  sqrt 0.452  hapax 0.439  (31s)
  norwegian_poetree        kn          w30  L= 600  AUC 0.925  Cllr    7.652  sqrt 0.516  hapax 0.525  (18s)
  norwegian_poetree        kn          w30  L= 300  AUC 0.868  Cllr    6.647  sqrt 0.689  hapax 0.763  (12s)
  norwegian_poetree        kn          w30  L= 150  AUC 0.818  Cllr    6.260  sqrt 0.855  hapax 1.055  (8s)
  polish_dracor            kn          w10  L=full  AUC 0.937  Cllr   11.967  sqrt 0.498  hapax 0.943  (183s)
  polish_dracor            kn          w10  L=1200  AUC 0.871  Cllr   16.921  sqrt 0.727  hapax 1.369  (44s)
  polish_dracor            kn          w10  L= 600  AUC 0.835  Cllr    9.363  sqrt 0.752  hapax 1.198  (25s)
  polish_dracor            kn          w10  L= 300  AUC 0.752  Cllr    8.011  sqrt 0.897  hapax 1.435  (16s)
  polish_dracor            kn          w10  L= 150  AUC 0.708  Cllr    6.761  sqrt 1.050  hapax 1.685  (11s)
  polish_dracor            kn          w20  L=full  AUC 0.934  Cllr   12.897  sqrt 0.511  hapax 0.996  (168s)
  polish_dracor            kn          w20  L=1200  AUC 0.879  Cllr   15.501  sqrt 0.689  hapax 1.274  (41s)
  polish_dracor            kn          w20  L= 600  AUC 0.850  Cllr    8.799  sqrt 0.727  hapax 1.137  (24s)
  polish_dracor            kn          w20  L= 300  AUC 0.755  Cllr    7.812  sqrt 0.881  hapax 1.381  (15s)
  polish_dracor            kn          w20  L= 150  AUC 0.695  Cllr    6.667  sqrt 1.034  hapax 1.641  (11s)
  polish_dracor            kn          w30  L=full  AUC 0.939  Cllr   12.327  sqrt 0.492  hapax 0.956  (164s)
  polish_dracor            kn          w30  L=1200  AUC 0.878  Cllr   14.470  sqrt 0.675  hapax 1.195  (40s)
  polish_dracor            kn          w30  L= 600  AUC 0.843  Cllr    8.930  sqrt 0.729  hapax 1.134  (23s)
  polish_dracor            kn          w30  L= 300  AUC 0.752  Cllr    7.668  sqrt 0.883  hapax 1.375  (15s)
  polish_dracor            kn          w30  L= 150  AUC 0.699  Cllr    6.816  sqrt 1.050  hapax 1.696  (11s)
  polish_dracor            kn          w30  L=full  AUC 0.939  Cllr   12.327  sqrt 0.492  hapax 0.956  (164s)
  polish_dracor            kn          w30  L=1200  AUC 0.878  Cllr   14.470  sqrt 0.675  hapax 1.195  (40s)
  polish_dracor            kn          w30  L= 600  AUC 0.843  Cllr    8.930  sqrt 0.729  hapax 1.134  (23s)
  polish_dracor            kn          w30  L= 300  AUC 0.752  Cllr    7.668  sqrt 0.883  hapax 1.375  (15s)
  polish_dracor            kn          w30  L= 150  AUC 0.699  Cllr    6.816  sqrt 1.050  hapax 1.696  (11s)
  portuguese_poetree       kn          w10  L=full  AUC 0.995  Cllr    2.085  sqrt 0.176  hapax 0.178  (438s)
  portuguese_poetree       kn          w10  L=1200  AUC 0.981  Cllr    3.393  sqrt 0.290  hapax 0.300  (121s)
  portuguese_poetree       kn          w10  L= 600  AUC 0.915  Cllr    5.051  sqrt 0.532  hapax 0.619  (68s)
  portuguese_poetree       kn          w10  L= 300  AUC 0.786  Cllr    7.361  sqrt 0.826  hapax 1.153  (42s)
  portuguese_poetree       kn          w10  L= 150  AUC 0.570  Cllr    8.747  sqrt 1.179  hapax 1.836  (30s)
  portuguese_poetree       kn          w20  L=full  AUC 0.994  Cllr    2.054  sqrt 0.174  hapax 0.179  (412s)
  portuguese_poetree       kn          w20  L=1200  AUC 0.982  Cllr    3.510  sqrt 0.292  hapax 0.305  (112s)
  portuguese_poetree       kn          w20  L= 600  AUC 0.911  Cllr    5.162  sqrt 0.545  hapax 0.635  (64s)
  portuguese_poetree       kn          w20  L= 300  AUC 0.773  Cllr    7.688  sqrt 0.853  hapax 1.206  (40s)
  portuguese_poetree       kn          w20  L= 150  AUC 0.585  Cllr    7.938  sqrt 1.128  hapax 1.688  (29s)
  portuguese_poetree       kn          w30  L=full  AUC 0.994  Cllr    2.216  sqrt 0.179  hapax 0.189  (397s)
  portuguese_poetree       kn          w30  L=1200  AUC 0.982  Cllr    3.777  sqrt 0.291  hapax 0.318  (108s)
  portuguese_poetree       kn          w30  L= 600  AUC 0.915  Cllr    4.921  sqrt 0.540  hapax 0.619  (63s)
  portuguese_poetree       kn          w30  L= 300  AUC 0.783  Cllr    7.182  sqrt 0.827  hapax 1.142  (39s)
  portuguese_poetree       kn          w30  L= 150  AUC 0.596  Cllr    7.586  sqrt 1.104  hapax 1.643  (29s)
  portuguese_poetree       kn          w30  L=full  AUC 0.994  Cllr    2.216  sqrt 0.179  hapax 0.189  (397s)
  portuguese_poetree       kn          w30  L=1200  AUC 0.982  Cllr    3.777  sqrt 0.291  hapax 0.318  (108s)
  portuguese_poetree       kn          w30  L= 600  AUC 0.915  Cllr    4.921  sqrt 0.540  hapax 0.619  (63s)
  portuguese_poetree       kn          w30  L= 300  AUC 0.783  Cllr    7.182  sqrt 0.827  hapax 1.142  (39s)
  portuguese_poetree       kn          w30  L= 150  AUC 0.596  Cllr    7.586  sqrt 1.104  hapax 1.643  (29s)
  romanian_dracor          kn          w10  L=full  AUC 0.810  Cllr   95.770  sqrt 2.659  hapax 5.705  (454s)
  romanian_dracor          kn          w10  L=1200  AUC 0.799  Cllr   53.744  sqrt 1.685  hapax 3.586  (109s)
  romanian_dracor          kn          w10  L= 600  AUC 0.799  Cllr   21.226  sqrt 1.099  hapax 2.289  (62s)
  romanian_dracor          kn          w10  L= 300  AUC 0.742  Cllr   10.999  sqrt 0.989  hapax 1.856  (39s)
  romanian_dracor          kn          w10  L= 150  AUC 0.713  Cllr    5.684  sqrt 0.942  hapax 1.450  (28s)
  romanian_dracor          kn          w20  L=full  AUC 0.814  Cllr   91.400  sqrt 2.541  hapax 5.439  (414s)
  romanian_dracor          kn          w20  L=1200  AUC 0.807  Cllr   48.281  sqrt 1.538  hapax 3.213  (101s)
  romanian_dracor          kn          w20  L= 600  AUC 0.789  Cllr   21.019  sqrt 1.104  hapax 2.291  (57s)
  romanian_dracor          kn          w20  L= 300  AUC 0.744  Cllr   10.307  sqrt 0.963  hapax 1.762  (37s)
  romanian_dracor          kn          w20  L= 150  AUC 0.728  Cllr    5.652  sqrt 0.934  hapax 1.433  (27s)
  romanian_dracor          kn          w30  L=full  AUC 0.815  Cllr   89.661  sqrt 2.493  hapax 5.335  (406s)
  romanian_dracor          kn          w30  L=1200  AUC 0.803  Cllr   48.869  sqrt 1.556  hapax 3.265  (99s)
  romanian_dracor          kn          w30  L= 600  AUC 0.787  Cllr   21.255  sqrt 1.111  hapax 2.311  (55s)
  romanian_dracor          kn          w30  L= 300  AUC 0.737  Cllr   11.177  sqrt 0.996  hapax 1.894  (35s)
  romanian_dracor          kn          w30  L= 150  AUC 0.710  Cllr    5.747  sqrt 0.949  hapax 1.481  (26s)
  romanian_dracor          kn          w30  L=full  AUC 0.815  Cllr   89.661  sqrt 2.493  hapax 5.335  (406s)
  romanian_dracor          kn          w30  L=1200  AUC 0.803  Cllr   48.869  sqrt 1.556  hapax 3.265  (99s)
  romanian_dracor          kn          w30  L= 600  AUC 0.787  Cllr   21.255  sqrt 1.111  hapax 2.311  (55s)
  romanian_dracor          kn          w30  L= 300  AUC 0.737  Cllr   11.177  sqrt 0.996  hapax 1.894  (35s)
  romanian_dracor          kn          w30  L= 150  AUC 0.710  Cllr    5.747  sqrt 0.949  hapax 1.481  (26s)
  russian_dracor           kn          w10  L=full  AUC 0.890  Cllr   33.377  sqrt 1.044  hapax 2.280  (1031s)
  russian_dracor           kn          w10  L=1200  AUC 0.849  Cllr   28.151  sqrt 0.992  hapax 2.046  (244s)
  russian_dracor           kn          w10  L= 600  AUC 0.769  Cllr   16.515  sqrt 0.980  hapax 1.852  (138s)
  russian_dracor           kn          w10  L= 300  AUC 0.636  Cllr   13.260  sqrt 1.173  hapax 2.175  (86s)
  russian_dracor           kn          w10  L= 150  AUC 0.617  Cllr    7.022  sqrt 1.080  hapax 1.699  (62s)
  russian_dracor           kn          w20  L=full  AUC 0.892  Cllr   33.106  sqrt 1.036  hapax 2.264  (1037s)
  russian_dracor           kn          w20  L=1200  AUC 0.847  Cllr   27.893  sqrt 0.986  hapax 2.022  (243s)
  russian_dracor           kn          w20  L= 600  AUC 0.756  Cllr   17.075  sqrt 1.010  hapax 1.913  (138s)
  russian_dracor           kn          w20  L= 300  AUC 0.633  Cllr   13.107  sqrt 1.168  hapax 2.148  (89s)
  russian_dracor           kn          w20  L= 150  AUC 0.624  Cllr    7.135  sqrt 1.082  hapax 1.723  (65s)
  russian_dracor           kn          w30  L=full  AUC 0.895  Cllr   32.492  sqrt 1.016  hapax 2.216  (986s)
  russian_dracor           kn          w30  L=1200  AUC 0.849  Cllr   27.019  sqrt 0.966  hapax 1.966  (235s)
  russian_dracor           kn          w30  L= 600  AUC 0.768  Cllr   15.877  sqrt 0.968  hapax 1.790  (125s)
  russian_dracor           kn          w30  L= 300  AUC 0.629  Cllr   13.138  sqrt 1.170  hapax 2.151  (80s)
  russian_dracor           kn          w30  L= 150  AUC 0.634  Cllr    6.639  sqrt 1.048  hapax 1.613  (58s)
  russian_dracor           kn          w30  L=full  AUC 0.895  Cllr   32.492  sqrt 1.016  hapax 2.216  (986s)
  russian_dracor           kn          w30  L=1200  AUC 0.849  Cllr   27.019  sqrt 0.966  hapax 1.966  (235s)
  russian_dracor           kn          w30  L= 600  AUC 0.768  Cllr   15.877  sqrt 0.968  hapax 1.790  (125s)
  russian_dracor           kn          w30  L= 300  AUC 0.629  Cllr   13.138  sqrt 1.170  hapax 2.151  (80s)
  russian_dracor           kn          w30  L= 150  AUC 0.634  Cllr    6.639  sqrt 1.048  hapax 1.613  (58s)
  russian_poetree          kn          w10  L=full  AUC 0.919  Cllr   14.323  sqrt 0.621  hapax 0.928  (909s)
  russian_poetree          kn          w10  L=1200  AUC 0.839  Cllr   17.579  sqrt 0.805  hapax 1.193  (250s)
  russian_poetree          kn          w10  L= 600  AUC 0.769  Cllr   12.962  sqrt 0.902  hapax 1.301  (145s)
  russian_poetree          kn          w10  L= 300  AUC 0.668  Cllr    9.919  sqrt 1.027  hapax 1.448  (91s)
  russian_poetree          kn          w10  L= 150  AUC 0.596  Cllr    8.308  sqrt 1.147  hapax 1.608  (67s)
  russian_poetree          kn          w20  L=full  AUC 0.920  Cllr   14.072  sqrt 0.611  hapax 0.909  (890s)
  russian_poetree          kn          w20  L=1200  AUC 0.840  Cllr   17.786  sqrt 0.806  hapax 1.201  (251s)
  russian_poetree          kn          w20  L= 600  AUC 0.771  Cllr   12.567  sqrt 0.892  hapax 1.274  (139s)
  russian_poetree          kn          w20  L= 300  AUC 0.677  Cllr    9.541  sqrt 1.009  hapax 1.410  (92s)
  russian_poetree          kn          w20  L= 150  AUC 0.599  Cllr    8.350  sqrt 1.148  hapax 1.619  (63s)
  russian_poetree          kn          w30  L=full  AUC 0.920  Cllr   13.848  sqrt 0.602  hapax 0.897  (861s)
  russian_poetree          kn          w30  L=1200  AUC 0.846  Cllr   16.670  sqrt 0.775  hapax 1.133  (232s)
  russian_poetree          kn          w30  L= 600  AUC 0.772  Cllr   12.239  sqrt 0.883  hapax 1.243  (133s)
  russian_poetree          kn          w30  L= 300  AUC 0.671  Cllr    9.815  sqrt 1.021  hapax 1.435  (83s)
  russian_poetree          kn          w30  L= 150  AUC 0.594  Cllr    8.186  sqrt 1.142  hapax 1.599  (60s)
  russian_poetree          kn          w30  L=full  AUC 0.920  Cllr   13.848  sqrt 0.602  hapax 0.897  (861s)
  russian_poetree          kn          w30  L=1200  AUC 0.846  Cllr   16.670  sqrt 0.775  hapax 1.133  (232s)
  russian_poetree          kn          w30  L= 600  AUC 0.772  Cllr   12.239  sqrt 0.883  hapax 1.243  (133s)
  russian_poetree          kn          w30  L= 300  AUC 0.671  Cllr    9.815  sqrt 1.021  hapax 1.435  (83s)
  russian_poetree          kn          w30  L= 150  AUC 0.594  Cllr    8.186  sqrt 1.142  hapax 1.599  (60s)
  slovenian_poetree        kn          w10  L=full  AUC 0.894  Cllr   26.833  sqrt 0.896  hapax 1.641  (174s)
  slovenian_poetree        kn          w10  L=1200  AUC 0.833  Cllr   24.533  sqrt 0.925  hapax 1.567  (46s)
  slovenian_poetree        kn          w10  L= 600  AUC 0.818  Cllr   11.620  sqrt 0.785  hapax 1.159  (25s)
  slovenian_poetree        kn          w10  L= 300  AUC 0.728  Cllr    8.340  sqrt 0.916  hapax 1.308  (16s)
  slovenian_poetree        kn          w10  L= 150  AUC 0.649  Cllr    5.957  sqrt 1.005  hapax 1.378  (12s)
  slovenian_poetree        kn          w20  L=full  AUC 0.896  Cllr   25.814  sqrt 0.867  hapax 1.588  (159s)
  slovenian_poetree        kn          w20  L=1200  AUC 0.833  Cllr   23.954  sqrt 0.927  hapax 1.550  (43s)
  slovenian_poetree        kn          w20  L= 600  AUC 0.826  Cllr   11.124  sqrt 0.767  hapax 1.112  (25s)
  slovenian_poetree        kn          w20  L= 300  AUC 0.740  Cllr    8.292  sqrt 0.901  hapax 1.308  (15s)
  slovenian_poetree        kn          w20  L= 150  AUC 0.669  Cllr    5.797  sqrt 0.987  hapax 1.342  (12s)
  slovenian_poetree        kn          w30  L=full  AUC 0.898  Cllr   25.936  sqrt 0.860  hapax 1.580  (155s)
  slovenian_poetree        kn          w30  L=1200  AUC 0.839  Cllr   22.784  sqrt 0.894  hapax 1.492  (43s)
  slovenian_poetree        kn          w30  L= 600  AUC 0.829  Cllr   10.921  sqrt 0.755  hapax 1.097  (22s)
  slovenian_poetree        kn          w30  L= 300  AUC 0.741  Cllr    8.524  sqrt 0.906  hapax 1.339  (16s)
  slovenian_poetree        kn          w30  L= 150  AUC 0.662  Cllr    6.058  sqrt 0.993  hapax 1.379  (12s)

excluded (10+ reference authors required): spanish_poetree (8), swedish_dracor (8), ukrainian_dracor (5)

255 runs -> D:\Moje dokumenty\Code\LambdaG\experiments\results_segmentation.csv
