  lithuanian_novels    L= 500  sent  n= 48  AUC 0.821  sqrt-Cllr 0.995 (min 0.605)
  lithuanian_novels    L= 500   w10  n= 48  AUC 0.941  sqrt-Cllr 0.689 (min 0.351)
  lithuanian_novels    L= 500   w20  n= 48  AUC 0.946  sqrt-Cllr 0.637 (min 0.317)
  lithuanian_novels    L= 500   w30  n= 48  AUC 0.951  sqrt-Cllr 0.656 (min 0.325)
  lithuanian_novels    L= 500   w50  n= 48  AUC 0.951  sqrt-Cllr 0.647 (min 0.274)
  lithuanian_novels    L= 500  w100  n= 48  AUC 0.958  sqrt-Cllr 0.625 (min 0.268)
  lithuanian_novels    L=1000  sent  n= 48  AUC 0.924  sqrt-Cllr 0.800 (min 0.396)
  lithuanian_novels    L=1000   w10  n= 48  AUC 0.979  sqrt-Cllr 0.845 (min 0.159)
  lithuanian_novels    L=1000   w20  n= 48  AUC 0.974  sqrt-Cllr 0.789 (min 0.172)
  lithuanian_novels    L=1000   w30  n= 48  AUC 0.957  sqrt-Cllr 0.941 (min 0.225)
  lithuanian_novels    L=1000   w50  n= 48  AUC 0.964  sqrt-Cllr 0.849 (min 0.203)
  lithuanian_novels    L=1000  w100  n= 48  AUC 0.964  sqrt-Cllr 0.845 (min 0.194)
  lithuanian_novels    L=2000  sent  n= 48  AUC 0.977  sqrt-Cllr 0.685 (min 0.108)
  lithuanian_novels    L=2000   w10  n= 48  AUC 0.998  sqrt-Cllr 0.765 (min 0.042)
  lithuanian_novels    L=2000   w20  n= 48  AUC 0.995  sqrt-Cllr 0.886 (min 0.083)
  lithuanian_novels    L=2000   w30  n= 48  AUC 0.993  sqrt-Cllr 0.852 (min 0.075)
  lithuanian_novels    L=2000   w50  n= 48  AUC 0.997  sqrt-Cllr 0.847 (min 0.057)
  lithuanian_novels    L=2000  w100  n= 48  AUC 0.995  sqrt-Cllr 0.881 (min 0.083)
  lithuanian_novels    L=5000  sent  n= 47  AUC 1.000  sqrt-Cllr 0.890 (min 0.000)
  lithuanian_novels    L=5000   w10  n= 47  AUC 1.000  sqrt-Cllr 1.254 (min 0.000)
  lithuanian_novels    L=5000   w20  n= 47  AUC 1.000  sqrt-Cllr 1.155 (min 0.000)
  lithuanian_novels    L=5000   w30  n= 47  AUC 1.000  sqrt-Cllr 1.181 (min 0.000)
  lithuanian_novels    L=5000   w50  n= 47  AUC 1.000  sqrt-Cllr 1.118 (min 0.000)
  lithuanian_novels    L=5000  w100  n= 47  AUC 1.000  sqrt-Cllr 1.186 (min 0.000)
  polish_novels        L= 500  sent  n= 68  AUC 0.829  sqrt-Cllr 0.846 (min 0.647)
  polish_novels        L= 500   w10  n= 68  AUC 0.854  sqrt-Cllr 0.846 (min 0.548)
  polish_novels        L= 500   w20  n= 68  AUC 0.852  sqrt-Cllr 0.836 (min 0.571)
  polish_novels        L= 500   w30  n= 68  AUC 0.870  sqrt-Cllr 0.815 (min 0.499)
  polish_novels        L= 500   w50  n= 68  AUC 0.856  sqrt-Cllr 0.798 (min 0.549)
  polish_novels        L= 500  w100  n= 68  AUC 0.872  sqrt-Cllr 0.784 (min 0.537)
  polish_novels        L=1000  sent  n= 68  AUC 0.921  sqrt-Cllr 0.652 (min 0.401)
  polish_novels        L=1000   w10  n= 68  AUC 0.907  sqrt-Cllr 0.591 (min 0.425)
  polish_novels        L=1000   w20  n= 68  AUC 0.909  sqrt-Cllr 0.572 (min 0.446)
  polish_novels        L=1000   w30  n= 68  AUC 0.915  sqrt-Cllr 0.553 (min 0.420)
  polish_novels        L=1000   w50  n= 68  AUC 0.917  sqrt-Cllr 0.525 (min 0.389)
  polish_novels        L=1000  w100  n= 68  AUC 0.930  sqrt-Cllr 0.503 (min 0.376)
  polish_novels        L=2000  sent  n= 68  AUC 0.979  sqrt-Cllr 0.283 (min 0.201)
  polish_novels        L=2000   w10  n= 68  AUC 0.993  sqrt-Cllr 0.181 (min 0.107)
  polish_novels        L=2000   w20  n= 68  AUC 0.987  sqrt-Cllr 0.224 (min 0.142)
  polish_novels        L=2000   w30  n= 68  AUC 0.989  sqrt-Cllr 0.213 (min 0.129)
  polish_novels        L=2000   w50  n= 68  AUC 0.990  sqrt-Cllr 0.204 (min 0.119)
  polish_novels        L=2000  w100  n= 68  AUC 0.991  sqrt-Cllr 0.213 (min 0.119)
  polish_novels        L=5000  sent  n= 68  AUC 0.998  sqrt-Cllr 0.197 (min 0.041)
  polish_novels        L=5000   w10  n= 68  AUC 1.000  sqrt-Cllr 0.142 (min 0.000)
  polish_novels        L=5000   w20  n= 68  AUC 1.000  sqrt-Cllr 0.133 (min 0.000)
  polish_novels        L=5000   w30  n= 68  AUC 1.000  sqrt-Cllr 0.158 (min 0.000)
  polish_novels        L=5000   w50  n= 68  AUC 0.999  sqrt-Cllr 0.139 (min 0.029)
  polish_novels        L=5000  w100  n= 68  AUC 0.998  sqrt-Cllr 0.154 (min 0.041)
  german_novels        L= 500  sent  n=112  AUC 0.739  sqrt-Cllr 1.256 (min 0.778)
  german_novels        L= 500   w10  n=112  AUC 0.759  sqrt-Cllr 1.027 (min 0.750)
  german_novels        L= 500   w20  n=112  AUC 0.768  sqrt-Cllr 1.018 (min 0.728)
  german_novels        L= 500   w30  n=112  AUC 0.775  sqrt-Cllr 0.990 (min 0.665)
  german_novels        L= 500   w50  n=112  AUC 0.781  sqrt-Cllr 0.993 (min 0.682)
  german_novels        L= 500  w100  n=112  AUC 0.786  sqrt-Cllr 0.980 (min 0.675)
  german_novels        L=1000  sent  n=112  AUC 0.893  sqrt-Cllr 0.775 (min 0.512)
  german_novels        L=1000   w10  n=112  AUC 0.896  sqrt-Cllr 0.770 (min 0.486)
  german_novels        L=1000   w20  n=112  AUC 0.905  sqrt-Cllr 0.721 (min 0.466)
  german_novels        L=1000   w30  n=112  AUC 0.909  sqrt-Cllr 0.734 (min 0.446)
  german_novels        L=1000   w50  n=112  AUC 0.910  sqrt-Cllr 0.702 (min 0.442)
  german_novels        L=1000  w100  n=112  AUC 0.918  sqrt-Cllr 0.683 (min 0.386)
  german_novels        L=2000  sent  n=112  AUC 0.946  sqrt-Cllr 0.607 (min 0.304)
  german_novels        L=2000   w10  n=112  AUC 0.953  sqrt-Cllr 0.570 (min 0.281)
  german_novels        L=2000   w20  n=112  AUC 0.958  sqrt-Cllr 0.547 (min 0.251)
  german_novels        L=2000   w30  n=112  AUC 0.957  sqrt-Cllr 0.610 (min 0.241)
  german_novels        L=2000   w50  n=112  AUC 0.955  sqrt-Cllr 0.597 (min 0.253)
  german_novels        L=2000  w100  n=112  AUC 0.955  sqrt-Cllr 0.612 (min 0.236)
  german_novels        L=5000  sent  n=112  AUC 0.994  sqrt-Cllr 0.117 (min 0.051)
  german_novels        L=5000   w10  n=112  AUC 0.995  sqrt-Cllr 0.252 (min 0.050)
  german_novels        L=5000   w20  n=112  AUC 0.996  sqrt-Cllr 0.233 (min 0.045)
  german_novels        L=5000   w30  n=112  AUC 0.995  sqrt-Cllr 0.290 (min 0.065)
  german_novels        L=5000   w50  n=112  AUC 0.995  sqrt-Cllr 0.251 (min 0.064)
  german_novels        L=5000  w100  n=112  AUC 0.995  sqrt-Cllr 0.245 (min 0.049)
  english_novels       L= 500  sent  n=172  AUC 0.900  sqrt-Cllr 0.650 (min 0.513)
  english_novels       L= 500   w10  n=172  AUC 0.911  sqrt-Cllr 0.680 (min 0.477)
  english_novels       L= 500   w20  n=172  AUC 0.909  sqrt-Cllr 0.657 (min 0.459)
  english_novels       L= 500   w30  n=172  AUC 0.902  sqrt-Cllr 0.721 (min 0.465)
  english_novels       L= 500   w50  n=172  AUC 0.909  sqrt-Cllr 0.673 (min 0.463)
  english_novels       L= 500  w100  n=172  AUC 0.912  sqrt-Cllr 0.660 (min 0.460)
  english_novels       L=1000  sent  n=172  AUC 0.915  sqrt-Cllr 0.752 (min 0.454)
  english_novels       L=1000   w10  n=172  AUC 0.936  sqrt-Cllr 0.567 (min 0.395)
  english_novels       L=1000   w20  n=172  AUC 0.931  sqrt-Cllr 0.601 (min 0.421)
  english_novels       L=1000   w30  n=172  AUC 0.936  sqrt-Cllr 0.558 (min 0.396)
  english_novels       L=1000   w50  n=172  AUC 0.936  sqrt-Cllr 0.577 (min 0.397)
  english_novels       L=1000  w100  n=172  AUC 0.938  sqrt-Cllr 0.544 (min 0.390)
  english_novels       L=2000  sent  n=172  AUC 0.963  sqrt-Cllr 0.548 (min 0.304)
  english_novels       L=2000   w10  n=172  AUC 0.963  sqrt-Cllr 0.487 (min 0.294)
  english_novels       L=2000   w20  n=172  AUC 0.966  sqrt-Cllr 0.452 (min 0.292)
  english_novels       L=2000   w30  n=172  AUC 0.969  sqrt-Cllr 0.448 (min 0.278)
  english_novels       L=2000   w50  n=172  AUC 0.968  sqrt-Cllr 0.450 (min 0.268)
  english_novels       L=2000  w100  n=172  AUC 0.970  sqrt-Cllr 0.429 (min 0.270)
  english_novels       L=5000  sent  n=172  AUC 0.987  sqrt-Cllr 0.343 (min 0.166)
  english_novels       L=5000   w10  n=172  AUC 0.981  sqrt-Cllr 0.415 (min 0.198)
  english_novels       L=5000   w20  n=172  AUC 0.984  sqrt-Cllr 0.377 (min 0.185)
  english_novels       L=5000   w30  n=172  AUC 0.984  sqrt-Cllr 0.379 (min 0.186)
  english_novels       L=5000   w50  n=172  AUC 0.984  sqrt-Cllr 0.368 (min 0.179)
  english_novels       L=5000  w100  n=172  AUC 0.985  sqrt-Cllr 0.361 (min 0.176)
