atoms: PRETRAINED (subword-composed words + learned char trigrams)
28 authors, known frags/author ~452.2, q frags/author ~292.6
surprisal weighting ON (range 0.19-1.47, mean 1)
encoded 20855 fragments in 27s
pair pool: 9000 same, 9000 diff (target 18000 total)
features built (65544 bits/pair)
test pairs encoded: 500 (eval lens: 0,1200,600,300,150)
STACK fold 0  stage1 member 1/3 (70s)
STACK fold 0  stage1 member 2/3 (68s)
STACK fold 0  stage1 member 3/3 (67s)
STACK fold 0  stage2 member 1/3 (21s)
STACK fold 0  stage2 member 2/3 (20s)
STACK fold 0  stage2 member 3/3 (20s)
STACK fold 1  stage1 member 1/3 (69s)
STACK fold 1  stage1 member 2/3 (71s)
STACK fold 1  stage1 member 3/3 (70s)
STACK fold 1  stage2 member 1/3 (20s)
STACK fold 1  stage2 member 2/3 (20s)
STACK fold 1  stage2 member 3/3 (20s)
STACK evalL=full    stage1-alone AUC = 0.8951   STACKED AUC = 0.8566
STACK evalL=1200    stage1-alone AUC = 0.7882   STACKED AUC = 0.7938
STACK evalL=600     stage1-alone AUC = 0.7051   STACKED AUC = 0.7043
STACK evalL=300     stage1-alone AUC = 0.6414   STACKED AUC = 0.6416
STACK evalL=150     stage1-alone AUC = 0.5901   STACKED AUC = 0.5899
wrote stacked scores
